// Jest Snapshot v1, https://goo.gl/fbAQLP

exports[`ShopItem renders correctly 1`] = `
Object {
  "asFragment": [Function],
  "baseElement": <body>
    <div>
      <div
        class="Hook-root-o7yfbk"
      >
        <img
          alt="product test"
          class="Hook-img-16x9eyn"
        />
        <div
          class="Hook-descriptionContainer-12gz4p"
        >
          <p
            class="MuiTypography-root-1 MuiTypography-body2-2"
          />
          <div
            class="Hook-fullWidth-115baqa"
          >
            <div
              class="Hook-priceContainer-10ca940"
            >
              <h6
                class="MuiTypography-root-1 MuiTypography-h6-11 Hook-price-169xtyo"
              >
                €undefined
              </h6>
              <div />
            </div>
          </div>
          <button
            class="MuiButtonBase-root-48 MuiButton-root-31 MuiButton-outlined-36 MuiButton-outlinedSecondary-38 Hook-button-1ecjfgm Hook-buttonFull-twp37v"
            tabindex="0"
            type="button"
          >
            <span
              class="MuiButton-label-32"
            >
              features
            </span>
            <span
              class="MuiTouchRipple-root-68"
            />
          </button>
        </div>
      </div>
    </div>
  </body>,
  "container": <div>
    <div
      class="Hook-root-o7yfbk"
    >
      <img
        alt="product test"
        class="Hook-img-16x9eyn"
      />
      <div
        class="Hook-descriptionContainer-12gz4p"
      >
        <p
          class="MuiTypography-root-1 MuiTypography-body2-2"
        />
        <div
          class="Hook-fullWidth-115baqa"
        >
          <div
            class="Hook-priceContainer-10ca940"
          >
            <h6
              class="MuiTypography-root-1 MuiTypography-h6-11 Hook-price-169xtyo"
            >
              €undefined
            </h6>
            <div />
          </div>
        </div>
        <button
          class="MuiButtonBase-root-48 MuiButton-root-31 MuiButton-outlined-36 MuiButton-outlinedSecondary-38 Hook-button-1ecjfgm Hook-buttonFull-twp37v"
          tabindex="0"
          type="button"
        >
          <span
            class="MuiButton-label-32"
          >
            features
          </span>
          <span
            class="MuiTouchRipple-root-68"
          />
        </button>
      </div>
    </div>
  </div>,
  "debug": [Function],
  "getAllByAltText": [Function],
  "getAllByDisplayValue": [Function],
  "getAllByLabelText": [Function],
  "getAllByPlaceholderText": [Function],
  "getAllByRole": [Function],
  "getAllBySelectText": [Function],
  "getAllByTestId": [Function],
  "getAllByText": [Function],
  "getAllByTitle": [Function],
  "getAllByValue": [Function],
  "getByAltText": [Function],
  "getByDisplayValue": [Function],
  "getByLabelText": [Function],
  "getByPlaceholderText": [Function],
  "getByRole": [Function],
  "getBySelectText": [Function],
  "getByTestId": [Function],
  "getByText": [Function],
  "getByTitle": [Function],
  "getByValue": [Function],
  "queryAllByAltText": [Function],
  "queryAllByDisplayValue": [Function],
  "queryAllByLabelText": [Function],
  "queryAllByPlaceholderText": [Function],
  "queryAllByRole": [Function],
  "queryAllBySelectText": [Function],
  "queryAllByTestId": [Function],
  "queryAllByText": [Function],
  "queryAllByTitle": [Function],
  "queryAllByValue": [Function],
  "queryByAltText": [Function],
  "queryByDisplayValue": [Function],
  "queryByLabelText": [Function],
  "queryByPlaceholderText": [Function],
  "queryByRole": [Function],
  "queryBySelectText": [Function],
  "queryByTestId": [Function],
  "queryByText": [Function],
  "queryByTitle": [Function],
  "queryByValue": [Function],
  "rerender": [Function],
  "unmount": [Function],
}
`;
