// Jest Snapshot v1, https://goo.gl/fbAQLP

exports[`Shop renders correctly 1`] = `
Object {
  "asFragment": [Function],
  "baseElement": <body>
    <div>
      <div
        class="Hook-root-1knxder"
      >
        <h5
          class="MuiTypography-root-1 MuiTypography-h5-17 Hook-header-1w8rfj2"
        >
          fins
        </h5>
        <div
          class="Hook-container-1b6f21j"
        >
          <div
            class="Hook-root-1ctwg1a"
          >
            <img
              alt="product test"
              class="Hook-img-xjlo1k"
              src="test-file-stub"
            />
            <div
              class="Hook-descriptionContainer-1jku3ep"
            >
              <p
                class="MuiTypography-root-1 MuiTypography-body1-10"
              >
                FCS Double Tab Thruster Fin Set with Fin Key
              </p>
              <div
                class="Hook-fullWidth-9gqf2j"
              >
                <div
                  class="Hook-priceContainer-p5muo6"
                >
                  <h6
                    class="MuiTypography-root-1 MuiTypography-h6-18 Hook-price-2c3ew8"
                  >
                    €19.90
                  </h6>
                  <div>
                    <a
                      aria-label="Amazon"
                      class="MuiButtonBase-root-43 MuiIconButton-root-37"
                      href="https://amzn.to/2Vr6Gt7"
                      rel="noopener"
                      role="button"
                      tabindex="0"
                      target="_blank"
                    >
                      <span
                        class="MuiIconButton-label-42"
                      >
                        <svg
                          aria-hidden="true"
                          class="MuiSvgIcon-root-46"
                          focusable="false"
                          role="presentation"
                          viewBox="-352.037 -291.281 800.073 678.559"
                        >
                          <filter
                            color-interpolation-filters="sRGB"
                            id="filter3174"
                          >
                            <fegaussianblur
                              id="feGaussianBlur3176"
                              stdDeviation="1.71"
                            />
                          </filter>
                          <g
                            display="none"
                            id="layer2"
                          >
                            <g
                              display="inline"
                              enable-background="new    "
                              filter="url(#filter3174)"
                              id="rect3745"
                              opacity="0.9"
                            >
                              <path
                                d="M11,7h74c3.313,0,6,2.687,6,6v73c0,3.313-2.687,6-6,6H11c-3.313,0-6-2.687-6-6V13 C5,9.687,7.687,7,11,7z"
                                fill="#000"
                              />
                            </g>
                          </g>
                          <g>
                            <path
                              d="M261.789,134.426 c-16.679-22.826-34.57-41.397-34.57-83.872v-141c0-59.759,4.331-114.619-40.186-155.732c-35.041-33.34-93.25-45.103-137.767-45.103 c-87.066,0-184.192,32.13-204.56,138.599c-2.156,11.309,6.146,17.229,13.672,18.893l88.655,9.493 c8.302-0.417,14.297-8.491,15.904-16.623c7.602-36.688,38.654-54.313,73.545-54.313c18.817,0,40.186,6.808,51.324,23.507 c12.822,18.589,11.101,44.138,11.101,65.602v11.819C45.882-88.441-23.483-84.545-73.144-63.006 c-57.281,24.546-97.505,74.491-97.505,147.903c0,94.082,59.854,141.114,136.916,141.114c65.035,0,100.626-15.186,150.796-65.791 c16.643,23.865,22.089,35.363,52.441,60.345c6.807,3.594,15.583,3.252,21.614-2.155l0.021-0.02l0.207,0.227 c18.268-16.074,51.438-44.592,70.141-60.098C268.956,152.448,267.632,142.633,261.789,134.426z M81.794,93.767 c-14.522,25.53-37.652,41.15-63.352,41.15c-35.042,0-55.618-26.476-55.618-65.641c0-77.1,69.933-91.094,136.065-91.094v19.535 h0.019C98.908,32.986,99.76,62.354,81.794,93.767z"
                              fill="#000"
                              id="path3673"
                              inkscapeconnector-curvature="0"
                            />
                            <g
                              id="g3717"
                              transform="matrix(4.0940394,0,0,4.0940394,105.99043,-56.114346)"
                            >
                              <path
                                d="M64.762,84.122c-21.39,15.782-52.41,24.179-79.125,24.179 c-37.427,0-71.14-13.834-96.65-36.865c-2.001-1.811-0.215-4.284,2.189-2.878c27.527,16.018,61.562,25.66,96.714,25.66 c23.716,0,49.781-4.917,73.764-15.096C65.272,77.592,68.304,81.512,64.762,84.122L64.762,84.122z"
                                fill="#000"
                                id="path3719"
                                inkscapeconnector-curvature="0"
                              />
                              <path
                                d="M73.663,73.956c-2.734-3.499-18.091-1.658-24.978-0.826 c-2.095,0.243-2.417-1.575-0.535-2.909c12.246-8.601,32.313-6.112,34.647-3.237c2.352,2.915-0.614,23.03-12.093,32.626 c-1.766,1.481-3.443,0.701-2.663-1.253C70.623,91.9,76.407,77.461,73.663,73.956z"
                                fill="#000"
                                id="path3721"
                                inkscapeconnector-curvature="0"
                              />
                            </g>
                          </g>
                        </svg>
                      </span>
                      <span
                        class="MuiTouchRipple-root-89"
                      />
                    </a>
                    <a
                      aria-label="Ebay"
                      class="MuiButtonBase-root-43 MuiIconButton-root-37"
                      href="https://rover.ebay.com/rover/1/707-53477-19255-0/1?icep_id=114&ipn=icep&toolid=20004&campid=5338456795&mpre=https%3A%2F%2Fwww.ebay.de%2Fitm%2F183534256900"
                      rel="noopener"
                      role="button"
                      tabindex="0"
                      target="_blank"
                    >
                      <span
                        class="MuiIconButton-label-42"
                      >
                        <svg
                          aria-hidden="true"
                          class="MuiSvgIcon-root-46"
                          focusable="false"
                          role="presentation"
                          viewBox="0 0 302.8 120.1"
                        >
                          <path
                            d="M38.8,26.2c-21.1,0-38.8,9-38.8,36c0,21.4,11.8,34.9,39.3,34.9c32.3,0,34.4-21.3,34.4-21.3H58 c0,0-3.4,11.5-19.7,11.5c-13.3,0-22.9-9-22.9-21.6h59.9v-7.9C75.3,45.4,67.4,26.2,38.8,26.2L38.8,26.2z M38.2,36.3 c12.7,0,21.3,7.8,21.3,19.4H15.8C15.8,43.4,27.1,36.3,38.2,36.3z"
                            id="e"
                          />
                          <path
                            d="M76.3,0v83.6C76.3,88.3,76,95,76,95h14.9c0,0,0.5-4.8,0.5-9.2c0,0,7.4,11.5,27.5,11.5c21.1,0,35.5-14.7,35.5-35.7 c0-19.6-13.2-35.3-35.5-35.3c-20.9,0-27.3,11.3-27.3,11.3V0L76.3,0z M115.1,36.8c14.4,0,23.5,10.7,23.5,24.9 c0,15.3-10.5,25.4-23.4,25.4c-15.3,0-23.6-12-23.6-25.2C91.6,49.5,99,36.8,115.1,36.8z"
                            id="b"
                          />
                          <path
                            d="M192.5,26.2c-31.8,0-33.9,17.4-33.9,20.2h15.8c0,0,0.8-10.2,16.9-10.2c10.5,0,18.6,4.8,18.6,14v3.3h-18.6 c-24.6,0-37.7,7.2-37.7,21.8c0,14.4,12,22.2,28.3,22.2c22.2,0,29.3-12.3,29.3-12.3c0,4.9,0.4,9.7,0.4,9.7h14.1c0,0-0.5-6-0.5-9.8 V52.3C225.3,30.8,207.9,26.2,192.5,26.2L192.5,26.2z M210,63.3v4.4c0,5.7-3.5,19.9-24.2,19.9c-11.3,0-16.2-5.7-16.2-12.2 C169.6,63.4,186,63.3,210,63.3L210,63.3z"
                            id="a"
                          />
                          <path
                            d="M217.8,28.9h17.8l25.6,51.2l25.5-51.2h16.1l-46.5,91.2h-16.9l13.4-25.4L217.8,28.9z"
                            id="y"
                          />
                        </svg>
                      </span>
                      <span
                        class="MuiTouchRipple-root-89"
                      />
                    </a>
                  </div>
                </div>
              </div>
              <button
                class="MuiButtonBase-root-43 MuiButton-root-55 MuiButton-outlined-60 MuiButton-outlinedSecondary-62 Hook-button-1ihz2ti Hook-buttonFull-79ekce"
                tabindex="0"
                type="button"
              >
                <span
                  class="MuiButton-label-56"
                >
                  features
                </span>
                <span
                  class="MuiTouchRipple-root-89"
                />
              </button>
            </div>
          </div>
          <div
            class="Hook-root-1ctwg1a"
          >
            <img
              alt="product test"
              class="Hook-img-xjlo1k"
              src="test-file-stub"
            />
            <div
              class="Hook-descriptionContainer-1jku3ep"
            >
              <p
                class="MuiTypography-root-1 MuiTypography-body1-10"
              >
                RailProtect Tape
              </p>
              <div
                class="Hook-fullWidth-9gqf2j"
              >
                <div
                  class="Hook-priceContainer-p5muo6"
                >
                  <h6
                    class="MuiTypography-root-1 MuiTypography-h6-18 Hook-price-2c3ew8"
                  >
                    €24.90
                  </h6>
                  <div>
                    <a
                      aria-label="Amazon"
                      class="MuiButtonBase-root-43 MuiIconButton-root-37"
                      href="https://amzn.to/2GTx3Vh"
                      rel="noopener"
                      role="button"
                      tabindex="0"
                      target="_blank"
                    >
                      <span
                        class="MuiIconButton-label-42"
                      >
                        <svg
                          aria-hidden="true"
                          class="MuiSvgIcon-root-46"
                          focusable="false"
                          role="presentation"
                          viewBox="-352.037 -291.281 800.073 678.559"
                        >
                          <filter
                            color-interpolation-filters="sRGB"
                            id="filter3174"
                          >
                            <fegaussianblur
                              id="feGaussianBlur3176"
                              stdDeviation="1.71"
                            />
                          </filter>
                          <g
                            display="none"
                            id="layer2"
                          >
                            <g
                              display="inline"
                              enable-background="new    "
                              filter="url(#filter3174)"
                              id="rect3745"
                              opacity="0.9"
                            >
                              <path
                                d="M11,7h74c3.313,0,6,2.687,6,6v73c0,3.313-2.687,6-6,6H11c-3.313,0-6-2.687-6-6V13 C5,9.687,7.687,7,11,7z"
                                fill="#000"
                              />
                            </g>
                          </g>
                          <g>
                            <path
                              d="M261.789,134.426 c-16.679-22.826-34.57-41.397-34.57-83.872v-141c0-59.759,4.331-114.619-40.186-155.732c-35.041-33.34-93.25-45.103-137.767-45.103 c-87.066,0-184.192,32.13-204.56,138.599c-2.156,11.309,6.146,17.229,13.672,18.893l88.655,9.493 c8.302-0.417,14.297-8.491,15.904-16.623c7.602-36.688,38.654-54.313,73.545-54.313c18.817,0,40.186,6.808,51.324,23.507 c12.822,18.589,11.101,44.138,11.101,65.602v11.819C45.882-88.441-23.483-84.545-73.144-63.006 c-57.281,24.546-97.505,74.491-97.505,147.903c0,94.082,59.854,141.114,136.916,141.114c65.035,0,100.626-15.186,150.796-65.791 c16.643,23.865,22.089,35.363,52.441,60.345c6.807,3.594,15.583,3.252,21.614-2.155l0.021-0.02l0.207,0.227 c18.268-16.074,51.438-44.592,70.141-60.098C268.956,152.448,267.632,142.633,261.789,134.426z M81.794,93.767 c-14.522,25.53-37.652,41.15-63.352,41.15c-35.042,0-55.618-26.476-55.618-65.641c0-77.1,69.933-91.094,136.065-91.094v19.535 h0.019C98.908,32.986,99.76,62.354,81.794,93.767z"
                              fill="#000"
                              id="path3673"
                              inkscapeconnector-curvature="0"
                            />
                            <g
                              id="g3717"
                              transform="matrix(4.0940394,0,0,4.0940394,105.99043,-56.114346)"
                            >
                              <path
                                d="M64.762,84.122c-21.39,15.782-52.41,24.179-79.125,24.179 c-37.427,0-71.14-13.834-96.65-36.865c-2.001-1.811-0.215-4.284,2.189-2.878c27.527,16.018,61.562,25.66,96.714,25.66 c23.716,0,49.781-4.917,73.764-15.096C65.272,77.592,68.304,81.512,64.762,84.122L64.762,84.122z"
                                fill="#000"
                                id="path3719"
                                inkscapeconnector-curvature="0"
                              />
                              <path
                                d="M73.663,73.956c-2.734-3.499-18.091-1.658-24.978-0.826 c-2.095,0.243-2.417-1.575-0.535-2.909c12.246-8.601,32.313-6.112,34.647-3.237c2.352,2.915-0.614,23.03-12.093,32.626 c-1.766,1.481-3.443,0.701-2.663-1.253C70.623,91.9,76.407,77.461,73.663,73.956z"
                                fill="#000"
                                id="path3721"
                                inkscapeconnector-curvature="0"
                              />
                            </g>
                          </g>
                        </svg>
                      </span>
                      <span
                        class="MuiTouchRipple-root-89"
                      />
                    </a>
                    <a
                      aria-label="Ebay"
                      class="MuiButtonBase-root-43 MuiIconButton-root-37"
                      href="https://rover.ebay.com/rover/1/707-53477-19255-0/1?icep_id=114&ipn=icep&toolid=20004&campid=5338456795&mpre=https%3A%2F%2Fwww.ebay.de%2Fitm%2F183498197638"
                      rel="noopener"
                      role="button"
                      tabindex="0"
                      target="_blank"
                    >
                      <span
                        class="MuiIconButton-label-42"
                      >
                        <svg
                          aria-hidden="true"
                          class="MuiSvgIcon-root-46"
                          focusable="false"
                          role="presentation"
                          viewBox="0 0 302.8 120.1"
                        >
                          <path
                            d="M38.8,26.2c-21.1,0-38.8,9-38.8,36c0,21.4,11.8,34.9,39.3,34.9c32.3,0,34.4-21.3,34.4-21.3H58 c0,0-3.4,11.5-19.7,11.5c-13.3,0-22.9-9-22.9-21.6h59.9v-7.9C75.3,45.4,67.4,26.2,38.8,26.2L38.8,26.2z M38.2,36.3 c12.7,0,21.3,7.8,21.3,19.4H15.8C15.8,43.4,27.1,36.3,38.2,36.3z"
                            id="e"
                          />
                          <path
                            d="M76.3,0v83.6C76.3,88.3,76,95,76,95h14.9c0,0,0.5-4.8,0.5-9.2c0,0,7.4,11.5,27.5,11.5c21.1,0,35.5-14.7,35.5-35.7 c0-19.6-13.2-35.3-35.5-35.3c-20.9,0-27.3,11.3-27.3,11.3V0L76.3,0z M115.1,36.8c14.4,0,23.5,10.7,23.5,24.9 c0,15.3-10.5,25.4-23.4,25.4c-15.3,0-23.6-12-23.6-25.2C91.6,49.5,99,36.8,115.1,36.8z"
                            id="b"
                          />
                          <path
                            d="M192.5,26.2c-31.8,0-33.9,17.4-33.9,20.2h15.8c0,0,0.8-10.2,16.9-10.2c10.5,0,18.6,4.8,18.6,14v3.3h-18.6 c-24.6,0-37.7,7.2-37.7,21.8c0,14.4,12,22.2,28.3,22.2c22.2,0,29.3-12.3,29.3-12.3c0,4.9,0.4,9.7,0.4,9.7h14.1c0,0-0.5-6-0.5-9.8 V52.3C225.3,30.8,207.9,26.2,192.5,26.2L192.5,26.2z M210,63.3v4.4c0,5.7-3.5,19.9-24.2,19.9c-11.3,0-16.2-5.7-16.2-12.2 C169.6,63.4,186,63.3,210,63.3L210,63.3z"
                            id="a"
                          />
                          <path
                            d="M217.8,28.9h17.8l25.6,51.2l25.5-51.2h16.1l-46.5,91.2h-16.9l13.4-25.4L217.8,28.9z"
                            id="y"
                          />
                        </svg>
                      </span>
                      <span
                        class="MuiTouchRipple-root-89"
                      />
                    </a>
                  </div>
                </div>
              </div>
              <button
                class="MuiButtonBase-root-43 MuiButton-root-55 MuiButton-outlined-60 MuiButton-outlinedSecondary-62 Hook-button-1ihz2ti Hook-buttonFull-79ekce"
                tabindex="0"
                type="button"
              >
                <span
                  class="MuiButton-label-56"
                >
                  features
                </span>
                <span
                  class="MuiTouchRipple-root-89"
                />
              </button>
            </div>
          </div>
          <div
            class="Hook-root-1ctwg1a"
          >
            <img
              alt="product test"
              class="Hook-img-xjlo1k"
              src="test-file-stub"
            />
            <div
              class="Hook-descriptionContainer-1jku3ep"
            >
              <p
                class="MuiTypography-root-1 MuiTypography-body1-10"
              >
                Future Single Tab Thruster Fin Set with Fin Key
              </p>
              <div
                class="Hook-fullWidth-9gqf2j"
              >
                <div
                  class="Hook-priceContainer-p5muo6"
                >
                  <h6
                    class="MuiTypography-root-1 MuiTypography-h6-18 Hook-price-2c3ew8"
                  >
                    €19.90
                  </h6>
                  <div>
                    <a
                      aria-label="Ebay"
                      class="MuiButtonBase-root-43 MuiIconButton-root-37"
                      href="http://www.ebay.de/itm/183498170584"
                      rel="noopener"
                      role="button"
                      tabindex="0"
                      target="_blank"
                    >
                      <span
                        class="MuiIconButton-label-42"
                      >
                        <svg
                          aria-hidden="true"
                          class="MuiSvgIcon-root-46"
                          focusable="false"
                          role="presentation"
                          viewBox="0 0 302.8 120.1"
                        >
                          <path
                            d="M38.8,26.2c-21.1,0-38.8,9-38.8,36c0,21.4,11.8,34.9,39.3,34.9c32.3,0,34.4-21.3,34.4-21.3H58 c0,0-3.4,11.5-19.7,11.5c-13.3,0-22.9-9-22.9-21.6h59.9v-7.9C75.3,45.4,67.4,26.2,38.8,26.2L38.8,26.2z M38.2,36.3 c12.7,0,21.3,7.8,21.3,19.4H15.8C15.8,43.4,27.1,36.3,38.2,36.3z"
                            id="e"
                          />
                          <path
                            d="M76.3,0v83.6C76.3,88.3,76,95,76,95h14.9c0,0,0.5-4.8,0.5-9.2c0,0,7.4,11.5,27.5,11.5c21.1,0,35.5-14.7,35.5-35.7 c0-19.6-13.2-35.3-35.5-35.3c-20.9,0-27.3,11.3-27.3,11.3V0L76.3,0z M115.1,36.8c14.4,0,23.5,10.7,23.5,24.9 c0,15.3-10.5,25.4-23.4,25.4c-15.3,0-23.6-12-23.6-25.2C91.6,49.5,99,36.8,115.1,36.8z"
                            id="b"
                          />
                          <path
                            d="M192.5,26.2c-31.8,0-33.9,17.4-33.9,20.2h15.8c0,0,0.8-10.2,16.9-10.2c10.5,0,18.6,4.8,18.6,14v3.3h-18.6 c-24.6,0-37.7,7.2-37.7,21.8c0,14.4,12,22.2,28.3,22.2c22.2,0,29.3-12.3,29.3-12.3c0,4.9,0.4,9.7,0.4,9.7h14.1c0,0-0.5-6-0.5-9.8 V52.3C225.3,30.8,207.9,26.2,192.5,26.2L192.5,26.2z M210,63.3v4.4c0,5.7-3.5,19.9-24.2,19.9c-11.3,0-16.2-5.7-16.2-12.2 C169.6,63.4,186,63.3,210,63.3L210,63.3z"
                            id="a"
                          />
                          <path
                            d="M217.8,28.9h17.8l25.6,51.2l25.5-51.2h16.1l-46.5,91.2h-16.9l13.4-25.4L217.8,28.9z"
                            id="y"
                          />
                        </svg>
                      </span>
                      <span
                        class="MuiTouchRipple-root-89"
                      />
                    </a>
                  </div>
                </div>
              </div>
              <button
                class="MuiButtonBase-root-43 MuiButton-root-55 MuiButton-outlined-60 MuiButton-outlinedSecondary-62 Hook-button-1ihz2ti Hook-buttonFull-79ekce"
                tabindex="0"
                type="button"
              >
                <span
                  class="MuiButton-label-56"
                >
                  features
                </span>
                <span
                  class="MuiTouchRipple-root-89"
                />
              </button>
            </div>
          </div>
        </div>
        <h5
          class="MuiTypography-root-1 MuiTypography-h5-17 Hook-header-1w8rfj2"
        >
          leashes
        </h5>
        <div
          class="Hook-container-1b6f21j"
        >
          <div
            class="Hook-root-1ctwg1a"
          >
            <img
              alt="product test"
              class="Hook-img-xjlo1k"
              src="test-file-stub"
            />
            <div
              class="Hook-descriptionContainer-1jku3ep"
            >
              <p
                class="MuiTypography-root-1 MuiTypography-body1-10"
              >
                Bee Swell Wax
              </p>
              <div
                class="Hook-fullWidth-9gqf2j"
              >
                <div
                  class="Hook-priceContainer-p5muo6"
                >
                  <h6
                    class="MuiTypography-root-1 MuiTypography-h6-18 Hook-price-2c3ew8"
                  >
                    €6.95
                  </h6>
                  <div>
                    <a
                      aria-label="Ebay"
                      class="MuiButtonBase-root-43 MuiIconButton-root-37"
                      href="https://rover.ebay.com/rover/1/707-53477-19255-0/1?icep_id=114&ipn=icep&toolid=20004&campid=5338456795&mpre=https%3A%2F%2Fwww.ebay.de%2Fitm%2F183636677740"
                      rel="noopener"
                      role="button"
                      tabindex="0"
                      target="_blank"
                    >
                      <span
                        class="MuiIconButton-label-42"
                      >
                        <svg
                          aria-hidden="true"
                          class="MuiSvgIcon-root-46"
                          focusable="false"
                          role="presentation"
                          viewBox="0 0 302.8 120.1"
                        >
                          <path
                            d="M38.8,26.2c-21.1,0-38.8,9-38.8,36c0,21.4,11.8,34.9,39.3,34.9c32.3,0,34.4-21.3,34.4-21.3H58 c0,0-3.4,11.5-19.7,11.5c-13.3,0-22.9-9-22.9-21.6h59.9v-7.9C75.3,45.4,67.4,26.2,38.8,26.2L38.8,26.2z M38.2,36.3 c12.7,0,21.3,7.8,21.3,19.4H15.8C15.8,43.4,27.1,36.3,38.2,36.3z"
                            id="e"
                          />
                          <path
                            d="M76.3,0v83.6C76.3,88.3,76,95,76,95h14.9c0,0,0.5-4.8,0.5-9.2c0,0,7.4,11.5,27.5,11.5c21.1,0,35.5-14.7,35.5-35.7 c0-19.6-13.2-35.3-35.5-35.3c-20.9,0-27.3,11.3-27.3,11.3V0L76.3,0z M115.1,36.8c14.4,0,23.5,10.7,23.5,24.9 c0,15.3-10.5,25.4-23.4,25.4c-15.3,0-23.6-12-23.6-25.2C91.6,49.5,99,36.8,115.1,36.8z"
                            id="b"
                          />
                          <path
                            d="M192.5,26.2c-31.8,0-33.9,17.4-33.9,20.2h15.8c0,0,0.8-10.2,16.9-10.2c10.5,0,18.6,4.8,18.6,14v3.3h-18.6 c-24.6,0-37.7,7.2-37.7,21.8c0,14.4,12,22.2,28.3,22.2c22.2,0,29.3-12.3,29.3-12.3c0,4.9,0.4,9.7,0.4,9.7h14.1c0,0-0.5-6-0.5-9.8 V52.3C225.3,30.8,207.9,26.2,192.5,26.2L192.5,26.2z M210,63.3v4.4c0,5.7-3.5,19.9-24.2,19.9c-11.3,0-16.2-5.7-16.2-12.2 C169.6,63.4,186,63.3,210,63.3L210,63.3z"
                            id="a"
                          />
                          <path
                            d="M217.8,28.9h17.8l25.6,51.2l25.5-51.2h16.1l-46.5,91.2h-16.9l13.4-25.4L217.8,28.9z"
                            id="y"
                          />
                        </svg>
                      </span>
                      <span
                        class="MuiTouchRipple-root-89"
                      />
                    </a>
                  </div>
                </div>
              </div>
              <button
                class="MuiButtonBase-root-43 MuiButton-root-55 MuiButton-outlined-60 MuiButton-outlinedSecondary-62 Hook-button-1ihz2ti Hook-buttonFull-79ekce"
                tabindex="0"
                type="button"
              >
                <span
                  class="MuiButton-label-56"
                >
                  features
                </span>
                <span
                  class="MuiTouchRipple-root-89"
                />
              </button>
            </div>
          </div>
        </div>
        <h5
          class="MuiTypography-root-1 MuiTypography-h5-17 Hook-header-1w8rfj2"
        >
          other
        </h5>
        <div
          class="Hook-container-1b6f21j"
        >
          <div
            class="Hook-root-1ctwg1a"
          >
            <img
              alt="product test"
              class="Hook-img-xjlo1k"
              src="test-file-stub"
            />
            <div
              class="Hook-descriptionContainer-1jku3ep"
            >
              <p
                class="MuiTypography-root-1 MuiTypography-body1-10"
              >
                Bee Swell Wax
              </p>
              <div
                class="Hook-fullWidth-9gqf2j"
              >
                <div
                  class="Hook-priceContainer-p5muo6"
                >
                  <h6
                    class="MuiTypography-root-1 MuiTypography-h6-18 Hook-price-2c3ew8"
                  >
                    €6.95
                  </h6>
                  <div>
                    <a
                      aria-label="Ebay"
                      class="MuiButtonBase-root-43 MuiIconButton-root-37"
                      href="https://rover.ebay.com/rover/1/707-53477-19255-0/1?icep_id=114&ipn=icep&toolid=20004&campid=5338456795&mpre=https%3A%2F%2Fwww.ebay.de%2Fitm%2F183636677740"
                      rel="noopener"
                      role="button"
                      tabindex="0"
                      target="_blank"
                    >
                      <span
                        class="MuiIconButton-label-42"
                      >
                        <svg
                          aria-hidden="true"
                          class="MuiSvgIcon-root-46"
                          focusable="false"
                          role="presentation"
                          viewBox="0 0 302.8 120.1"
                        >
                          <path
                            d="M38.8,26.2c-21.1,0-38.8,9-38.8,36c0,21.4,11.8,34.9,39.3,34.9c32.3,0,34.4-21.3,34.4-21.3H58 c0,0-3.4,11.5-19.7,11.5c-13.3,0-22.9-9-22.9-21.6h59.9v-7.9C75.3,45.4,67.4,26.2,38.8,26.2L38.8,26.2z M38.2,36.3 c12.7,0,21.3,7.8,21.3,19.4H15.8C15.8,43.4,27.1,36.3,38.2,36.3z"
                            id="e"
                          />
                          <path
                            d="M76.3,0v83.6C76.3,88.3,76,95,76,95h14.9c0,0,0.5-4.8,0.5-9.2c0,0,7.4,11.5,27.5,11.5c21.1,0,35.5-14.7,35.5-35.7 c0-19.6-13.2-35.3-35.5-35.3c-20.9,0-27.3,11.3-27.3,11.3V0L76.3,0z M115.1,36.8c14.4,0,23.5,10.7,23.5,24.9 c0,15.3-10.5,25.4-23.4,25.4c-15.3,0-23.6-12-23.6-25.2C91.6,49.5,99,36.8,115.1,36.8z"
                            id="b"
                          />
                          <path
                            d="M192.5,26.2c-31.8,0-33.9,17.4-33.9,20.2h15.8c0,0,0.8-10.2,16.9-10.2c10.5,0,18.6,4.8,18.6,14v3.3h-18.6 c-24.6,0-37.7,7.2-37.7,21.8c0,14.4,12,22.2,28.3,22.2c22.2,0,29.3-12.3,29.3-12.3c0,4.9,0.4,9.7,0.4,9.7h14.1c0,0-0.5-6-0.5-9.8 V52.3C225.3,30.8,207.9,26.2,192.5,26.2L192.5,26.2z M210,63.3v4.4c0,5.7-3.5,19.9-24.2,19.9c-11.3,0-16.2-5.7-16.2-12.2 C169.6,63.4,186,63.3,210,63.3L210,63.3z"
                            id="a"
                          />
                          <path
                            d="M217.8,28.9h17.8l25.6,51.2l25.5-51.2h16.1l-46.5,91.2h-16.9l13.4-25.4L217.8,28.9z"
                            id="y"
                          />
                        </svg>
                      </span>
                      <span
                        class="MuiTouchRipple-root-89"
                      />
                    </a>
                  </div>
                </div>
              </div>
              <button
                class="MuiButtonBase-root-43 MuiButton-root-55 MuiButton-outlined-60 MuiButton-outlinedSecondary-62 Hook-button-1ihz2ti Hook-buttonFull-79ekce"
                tabindex="0"
                type="button"
              >
                <span
                  class="MuiButton-label-56"
                >
                  features
                </span>
                <span
                  class="MuiTouchRipple-root-89"
                />
              </button>
            </div>
          </div>
        </div>
      </div>
    </div>
  </body>,
  "container": <div>
    <div
      class="Hook-root-1knxder"
    >
      <h5
        class="MuiTypography-root-1 MuiTypography-h5-17 Hook-header-1w8rfj2"
      >
        fins
      </h5>
      <div
        class="Hook-container-1b6f21j"
      >
        <div
          class="Hook-root-1ctwg1a"
        >
          <img
            alt="product test"
            class="Hook-img-xjlo1k"
            src="test-file-stub"
          />
          <div
            class="Hook-descriptionContainer-1jku3ep"
          >
            <p
              class="MuiTypography-root-1 MuiTypography-body1-10"
            >
              FCS Double Tab Thruster Fin Set with Fin Key
            </p>
            <div
              class="Hook-fullWidth-9gqf2j"
            >
              <div
                class="Hook-priceContainer-p5muo6"
              >
                <h6
                  class="MuiTypography-root-1 MuiTypography-h6-18 Hook-price-2c3ew8"
                >
                  €19.90
                </h6>
                <div>
                  <a
                    aria-label="Amazon"
                    class="MuiButtonBase-root-43 MuiIconButton-root-37"
                    href="https://amzn.to/2Vr6Gt7"
                    rel="noopener"
                    role="button"
                    tabindex="0"
                    target="_blank"
                  >
                    <span
                      class="MuiIconButton-label-42"
                    >
                      <svg
                        aria-hidden="true"
                        class="MuiSvgIcon-root-46"
                        focusable="false"
                        role="presentation"
                        viewBox="-352.037 -291.281 800.073 678.559"
                      >
                        <filter
                          color-interpolation-filters="sRGB"
                          id="filter3174"
                        >
                          <fegaussianblur
                            id="feGaussianBlur3176"
                            stdDeviation="1.71"
                          />
                        </filter>
                        <g
                          display="none"
                          id="layer2"
                        >
                          <g
                            display="inline"
                            enable-background="new    "
                            filter="url(#filter3174)"
                            id="rect3745"
                            opacity="0.9"
                          >
                            <path
                              d="M11,7h74c3.313,0,6,2.687,6,6v73c0,3.313-2.687,6-6,6H11c-3.313,0-6-2.687-6-6V13 C5,9.687,7.687,7,11,7z"
                              fill="#000"
                            />
                          </g>
                        </g>
                        <g>
                          <path
                            d="M261.789,134.426 c-16.679-22.826-34.57-41.397-34.57-83.872v-141c0-59.759,4.331-114.619-40.186-155.732c-35.041-33.34-93.25-45.103-137.767-45.103 c-87.066,0-184.192,32.13-204.56,138.599c-2.156,11.309,6.146,17.229,13.672,18.893l88.655,9.493 c8.302-0.417,14.297-8.491,15.904-16.623c7.602-36.688,38.654-54.313,73.545-54.313c18.817,0,40.186,6.808,51.324,23.507 c12.822,18.589,11.101,44.138,11.101,65.602v11.819C45.882-88.441-23.483-84.545-73.144-63.006 c-57.281,24.546-97.505,74.491-97.505,147.903c0,94.082,59.854,141.114,136.916,141.114c65.035,0,100.626-15.186,150.796-65.791 c16.643,23.865,22.089,35.363,52.441,60.345c6.807,3.594,15.583,3.252,21.614-2.155l0.021-0.02l0.207,0.227 c18.268-16.074,51.438-44.592,70.141-60.098C268.956,152.448,267.632,142.633,261.789,134.426z M81.794,93.767 c-14.522,25.53-37.652,41.15-63.352,41.15c-35.042,0-55.618-26.476-55.618-65.641c0-77.1,69.933-91.094,136.065-91.094v19.535 h0.019C98.908,32.986,99.76,62.354,81.794,93.767z"
                            fill="#000"
                            id="path3673"
                            inkscapeconnector-curvature="0"
                          />
                          <g
                            id="g3717"
                            transform="matrix(4.0940394,0,0,4.0940394,105.99043,-56.114346)"
                          >
                            <path
                              d="M64.762,84.122c-21.39,15.782-52.41,24.179-79.125,24.179 c-37.427,0-71.14-13.834-96.65-36.865c-2.001-1.811-0.215-4.284,2.189-2.878c27.527,16.018,61.562,25.66,96.714,25.66 c23.716,0,49.781-4.917,73.764-15.096C65.272,77.592,68.304,81.512,64.762,84.122L64.762,84.122z"
                              fill="#000"
                              id="path3719"
                              inkscapeconnector-curvature="0"
                            />
                            <path
                              d="M73.663,73.956c-2.734-3.499-18.091-1.658-24.978-0.826 c-2.095,0.243-2.417-1.575-0.535-2.909c12.246-8.601,32.313-6.112,34.647-3.237c2.352,2.915-0.614,23.03-12.093,32.626 c-1.766,1.481-3.443,0.701-2.663-1.253C70.623,91.9,76.407,77.461,73.663,73.956z"
                              fill="#000"
                              id="path3721"
                              inkscapeconnector-curvature="0"
                            />
                          </g>
                        </g>
                      </svg>
                    </span>
                    <span
                      class="MuiTouchRipple-root-89"
                    />
                  </a>
                  <a
                    aria-label="Ebay"
                    class="MuiButtonBase-root-43 MuiIconButton-root-37"
                    href="https://rover.ebay.com/rover/1/707-53477-19255-0/1?icep_id=114&ipn=icep&toolid=20004&campid=5338456795&mpre=https%3A%2F%2Fwww.ebay.de%2Fitm%2F183534256900"
                    rel="noopener"
                    role="button"
                    tabindex="0"
                    target="_blank"
                  >
                    <span
                      class="MuiIconButton-label-42"
                    >
                      <svg
                        aria-hidden="true"
                        class="MuiSvgIcon-root-46"
                        focusable="false"
                        role="presentation"
                        viewBox="0 0 302.8 120.1"
                      >
                        <path
                          d="M38.8,26.2c-21.1,0-38.8,9-38.8,36c0,21.4,11.8,34.9,39.3,34.9c32.3,0,34.4-21.3,34.4-21.3H58 c0,0-3.4,11.5-19.7,11.5c-13.3,0-22.9-9-22.9-21.6h59.9v-7.9C75.3,45.4,67.4,26.2,38.8,26.2L38.8,26.2z M38.2,36.3 c12.7,0,21.3,7.8,21.3,19.4H15.8C15.8,43.4,27.1,36.3,38.2,36.3z"
                          id="e"
                        />
                        <path
                          d="M76.3,0v83.6C76.3,88.3,76,95,76,95h14.9c0,0,0.5-4.8,0.5-9.2c0,0,7.4,11.5,27.5,11.5c21.1,0,35.5-14.7,35.5-35.7 c0-19.6-13.2-35.3-35.5-35.3c-20.9,0-27.3,11.3-27.3,11.3V0L76.3,0z M115.1,36.8c14.4,0,23.5,10.7,23.5,24.9 c0,15.3-10.5,25.4-23.4,25.4c-15.3,0-23.6-12-23.6-25.2C91.6,49.5,99,36.8,115.1,36.8z"
                          id="b"
                        />
                        <path
                          d="M192.5,26.2c-31.8,0-33.9,17.4-33.9,20.2h15.8c0,0,0.8-10.2,16.9-10.2c10.5,0,18.6,4.8,18.6,14v3.3h-18.6 c-24.6,0-37.7,7.2-37.7,21.8c0,14.4,12,22.2,28.3,22.2c22.2,0,29.3-12.3,29.3-12.3c0,4.9,0.4,9.7,0.4,9.7h14.1c0,0-0.5-6-0.5-9.8 V52.3C225.3,30.8,207.9,26.2,192.5,26.2L192.5,26.2z M210,63.3v4.4c0,5.7-3.5,19.9-24.2,19.9c-11.3,0-16.2-5.7-16.2-12.2 C169.6,63.4,186,63.3,210,63.3L210,63.3z"
                          id="a"
                        />
                        <path
                          d="M217.8,28.9h17.8l25.6,51.2l25.5-51.2h16.1l-46.5,91.2h-16.9l13.4-25.4L217.8,28.9z"
                          id="y"
                        />
                      </svg>
                    </span>
                    <span
                      class="MuiTouchRipple-root-89"
                    />
                  </a>
                </div>
              </div>
            </div>
            <button
              class="MuiButtonBase-root-43 MuiButton-root-55 MuiButton-outlined-60 MuiButton-outlinedSecondary-62 Hook-button-1ihz2ti Hook-buttonFull-79ekce"
              tabindex="0"
              type="button"
            >
              <span
                class="MuiButton-label-56"
              >
                features
              </span>
              <span
                class="MuiTouchRipple-root-89"
              />
            </button>
          </div>
        </div>
        <div
          class="Hook-root-1ctwg1a"
        >
          <img
            alt="product test"
            class="Hook-img-xjlo1k"
            src="test-file-stub"
          />
          <div
            class="Hook-descriptionContainer-1jku3ep"
          >
            <p
              class="MuiTypography-root-1 MuiTypography-body1-10"
            >
              RailProtect Tape
            </p>
            <div
              class="Hook-fullWidth-9gqf2j"
            >
              <div
                class="Hook-priceContainer-p5muo6"
              >
                <h6
                  class="MuiTypography-root-1 MuiTypography-h6-18 Hook-price-2c3ew8"
                >
                  €24.90
                </h6>
                <div>
                  <a
                    aria-label="Amazon"
                    class="MuiButtonBase-root-43 MuiIconButton-root-37"
                    href="https://amzn.to/2GTx3Vh"
                    rel="noopener"
                    role="button"
                    tabindex="0"
                    target="_blank"
                  >
                    <span
                      class="MuiIconButton-label-42"
                    >
                      <svg
                        aria-hidden="true"
                        class="MuiSvgIcon-root-46"
                        focusable="false"
                        role="presentation"
                        viewBox="-352.037 -291.281 800.073 678.559"
                      >
                        <filter
                          color-interpolation-filters="sRGB"
                          id="filter3174"
                        >
                          <fegaussianblur
                            id="feGaussianBlur3176"
                            stdDeviation="1.71"
                          />
                        </filter>
                        <g
                          display="none"
                          id="layer2"
                        >
                          <g
                            display="inline"
                            enable-background="new    "
                            filter="url(#filter3174)"
                            id="rect3745"
                            opacity="0.9"
                          >
                            <path
                              d="M11,7h74c3.313,0,6,2.687,6,6v73c0,3.313-2.687,6-6,6H11c-3.313,0-6-2.687-6-6V13 C5,9.687,7.687,7,11,7z"
                              fill="#000"
                            />
                          </g>
                        </g>
                        <g>
                          <path
                            d="M261.789,134.426 c-16.679-22.826-34.57-41.397-34.57-83.872v-141c0-59.759,4.331-114.619-40.186-155.732c-35.041-33.34-93.25-45.103-137.767-45.103 c-87.066,0-184.192,32.13-204.56,138.599c-2.156,11.309,6.146,17.229,13.672,18.893l88.655,9.493 c8.302-0.417,14.297-8.491,15.904-16.623c7.602-36.688,38.654-54.313,73.545-54.313c18.817,0,40.186,6.808,51.324,23.507 c12.822,18.589,11.101,44.138,11.101,65.602v11.819C45.882-88.441-23.483-84.545-73.144-63.006 c-57.281,24.546-97.505,74.491-97.505,147.903c0,94.082,59.854,141.114,136.916,141.114c65.035,0,100.626-15.186,150.796-65.791 c16.643,23.865,22.089,35.363,52.441,60.345c6.807,3.594,15.583,3.252,21.614-2.155l0.021-0.02l0.207,0.227 c18.268-16.074,51.438-44.592,70.141-60.098C268.956,152.448,267.632,142.633,261.789,134.426z M81.794,93.767 c-14.522,25.53-37.652,41.15-63.352,41.15c-35.042,0-55.618-26.476-55.618-65.641c0-77.1,69.933-91.094,136.065-91.094v19.535 h0.019C98.908,32.986,99.76,62.354,81.794,93.767z"
                            fill="#000"
                            id="path3673"
                            inkscapeconnector-curvature="0"
                          />
                          <g
                            id="g3717"
                            transform="matrix(4.0940394,0,0,4.0940394,105.99043,-56.114346)"
                          >
                            <path
                              d="M64.762,84.122c-21.39,15.782-52.41,24.179-79.125,24.179 c-37.427,0-71.14-13.834-96.65-36.865c-2.001-1.811-0.215-4.284,2.189-2.878c27.527,16.018,61.562,25.66,96.714,25.66 c23.716,0,49.781-4.917,73.764-15.096C65.272,77.592,68.304,81.512,64.762,84.122L64.762,84.122z"
                              fill="#000"
                              id="path3719"
                              inkscapeconnector-curvature="0"
                            />
                            <path
                              d="M73.663,73.956c-2.734-3.499-18.091-1.658-24.978-0.826 c-2.095,0.243-2.417-1.575-0.535-2.909c12.246-8.601,32.313-6.112,34.647-3.237c2.352,2.915-0.614,23.03-12.093,32.626 c-1.766,1.481-3.443,0.701-2.663-1.253C70.623,91.9,76.407,77.461,73.663,73.956z"
                              fill="#000"
                              id="path3721"
                              inkscapeconnector-curvature="0"
                            />
                          </g>
                        </g>
                      </svg>
                    </span>
                    <span
                      class="MuiTouchRipple-root-89"
                    />
                  </a>
                  <a
                    aria-label="Ebay"
                    class="MuiButtonBase-root-43 MuiIconButton-root-37"
                    href="https://rover.ebay.com/rover/1/707-53477-19255-0/1?icep_id=114&ipn=icep&toolid=20004&campid=5338456795&mpre=https%3A%2F%2Fwww.ebay.de%2Fitm%2F183498197638"
                    rel="noopener"
                    role="button"
                    tabindex="0"
                    target="_blank"
                  >
                    <span
                      class="MuiIconButton-label-42"
                    >
                      <svg
                        aria-hidden="true"
                        class="MuiSvgIcon-root-46"
                        focusable="false"
                        role="presentation"
                        viewBox="0 0 302.8 120.1"
                      >
                        <path
                          d="M38.8,26.2c-21.1,0-38.8,9-38.8,36c0,21.4,11.8,34.9,39.3,34.9c32.3,0,34.4-21.3,34.4-21.3H58 c0,0-3.4,11.5-19.7,11.5c-13.3,0-22.9-9-22.9-21.6h59.9v-7.9C75.3,45.4,67.4,26.2,38.8,26.2L38.8,26.2z M38.2,36.3 c12.7,0,21.3,7.8,21.3,19.4H15.8C15.8,43.4,27.1,36.3,38.2,36.3z"
                          id="e"
                        />
                        <path
                          d="M76.3,0v83.6C76.3,88.3,76,95,76,95h14.9c0,0,0.5-4.8,0.5-9.2c0,0,7.4,11.5,27.5,11.5c21.1,0,35.5-14.7,35.5-35.7 c0-19.6-13.2-35.3-35.5-35.3c-20.9,0-27.3,11.3-27.3,11.3V0L76.3,0z M115.1,36.8c14.4,0,23.5,10.7,23.5,24.9 c0,15.3-10.5,25.4-23.4,25.4c-15.3,0-23.6-12-23.6-25.2C91.6,49.5,99,36.8,115.1,36.8z"
                          id="b"
                        />
                        <path
                          d="M192.5,26.2c-31.8,0-33.9,17.4-33.9,20.2h15.8c0,0,0.8-10.2,16.9-10.2c10.5,0,18.6,4.8,18.6,14v3.3h-18.6 c-24.6,0-37.7,7.2-37.7,21.8c0,14.4,12,22.2,28.3,22.2c22.2,0,29.3-12.3,29.3-12.3c0,4.9,0.4,9.7,0.4,9.7h14.1c0,0-0.5-6-0.5-9.8 V52.3C225.3,30.8,207.9,26.2,192.5,26.2L192.5,26.2z M210,63.3v4.4c0,5.7-3.5,19.9-24.2,19.9c-11.3,0-16.2-5.7-16.2-12.2 C169.6,63.4,186,63.3,210,63.3L210,63.3z"
                          id="a"
                        />
                        <path
                          d="M217.8,28.9h17.8l25.6,51.2l25.5-51.2h16.1l-46.5,91.2h-16.9l13.4-25.4L217.8,28.9z"
                          id="y"
                        />
                      </svg>
                    </span>
                    <span
                      class="MuiTouchRipple-root-89"
                    />
                  </a>
                </div>
              </div>
            </div>
            <button
              class="MuiButtonBase-root-43 MuiButton-root-55 MuiButton-outlined-60 MuiButton-outlinedSecondary-62 Hook-button-1ihz2ti Hook-buttonFull-79ekce"
              tabindex="0"
              type="button"
            >
              <span
                class="MuiButton-label-56"
              >
                features
              </span>
              <span
                class="MuiTouchRipple-root-89"
              />
            </button>
          </div>
        </div>
        <div
          class="Hook-root-1ctwg1a"
        >
          <img
            alt="product test"
            class="Hook-img-xjlo1k"
            src="test-file-stub"
          />
          <div
            class="Hook-descriptionContainer-1jku3ep"
          >
            <p
              class="MuiTypography-root-1 MuiTypography-body1-10"
            >
              Future Single Tab Thruster Fin Set with Fin Key
            </p>
            <div
              class="Hook-fullWidth-9gqf2j"
            >
              <div
                class="Hook-priceContainer-p5muo6"
              >
                <h6
                  class="MuiTypography-root-1 MuiTypography-h6-18 Hook-price-2c3ew8"
                >
                  €19.90
                </h6>
                <div>
                  <a
                    aria-label="Ebay"
                    class="MuiButtonBase-root-43 MuiIconButton-root-37"
                    href="http://www.ebay.de/itm/183498170584"
                    rel="noopener"
                    role="button"
                    tabindex="0"
                    target="_blank"
                  >
                    <span
                      class="MuiIconButton-label-42"
                    >
                      <svg
                        aria-hidden="true"
                        class="MuiSvgIcon-root-46"
                        focusable="false"
                        role="presentation"
                        viewBox="0 0 302.8 120.1"
                      >
                        <path
                          d="M38.8,26.2c-21.1,0-38.8,9-38.8,36c0,21.4,11.8,34.9,39.3,34.9c32.3,0,34.4-21.3,34.4-21.3H58 c0,0-3.4,11.5-19.7,11.5c-13.3,0-22.9-9-22.9-21.6h59.9v-7.9C75.3,45.4,67.4,26.2,38.8,26.2L38.8,26.2z M38.2,36.3 c12.7,0,21.3,7.8,21.3,19.4H15.8C15.8,43.4,27.1,36.3,38.2,36.3z"
                          id="e"
                        />
                        <path
                          d="M76.3,0v83.6C76.3,88.3,76,95,76,95h14.9c0,0,0.5-4.8,0.5-9.2c0,0,7.4,11.5,27.5,11.5c21.1,0,35.5-14.7,35.5-35.7 c0-19.6-13.2-35.3-35.5-35.3c-20.9,0-27.3,11.3-27.3,11.3V0L76.3,0z M115.1,36.8c14.4,0,23.5,10.7,23.5,24.9 c0,15.3-10.5,25.4-23.4,25.4c-15.3,0-23.6-12-23.6-25.2C91.6,49.5,99,36.8,115.1,36.8z"
                          id="b"
                        />
                        <path
                          d="M192.5,26.2c-31.8,0-33.9,17.4-33.9,20.2h15.8c0,0,0.8-10.2,16.9-10.2c10.5,0,18.6,4.8,18.6,14v3.3h-18.6 c-24.6,0-37.7,7.2-37.7,21.8c0,14.4,12,22.2,28.3,22.2c22.2,0,29.3-12.3,29.3-12.3c0,4.9,0.4,9.7,0.4,9.7h14.1c0,0-0.5-6-0.5-9.8 V52.3C225.3,30.8,207.9,26.2,192.5,26.2L192.5,26.2z M210,63.3v4.4c0,5.7-3.5,19.9-24.2,19.9c-11.3,0-16.2-5.7-16.2-12.2 C169.6,63.4,186,63.3,210,63.3L210,63.3z"
                          id="a"
                        />
                        <path
                          d="M217.8,28.9h17.8l25.6,51.2l25.5-51.2h16.1l-46.5,91.2h-16.9l13.4-25.4L217.8,28.9z"
                          id="y"
                        />
                      </svg>
                    </span>
                    <span
                      class="MuiTouchRipple-root-89"
                    />
                  </a>
                </div>
              </div>
            </div>
            <button
              class="MuiButtonBase-root-43 MuiButton-root-55 MuiButton-outlined-60 MuiButton-outlinedSecondary-62 Hook-button-1ihz2ti Hook-buttonFull-79ekce"
              tabindex="0"
              type="button"
            >
              <span
                class="MuiButton-label-56"
              >
                features
              </span>
              <span
                class="MuiTouchRipple-root-89"
              />
            </button>
          </div>
        </div>
      </div>
      <h5
        class="MuiTypography-root-1 MuiTypography-h5-17 Hook-header-1w8rfj2"
      >
        leashes
      </h5>
      <div
        class="Hook-container-1b6f21j"
      >
        <div
          class="Hook-root-1ctwg1a"
        >
          <img
            alt="product test"
            class="Hook-img-xjlo1k"
            src="test-file-stub"
          />
          <div
            class="Hook-descriptionContainer-1jku3ep"
          >
            <p
              class="MuiTypography-root-1 MuiTypography-body1-10"
            >
              Bee Swell Wax
            </p>
            <div
              class="Hook-fullWidth-9gqf2j"
            >
              <div
                class="Hook-priceContainer-p5muo6"
              >
                <h6
                  class="MuiTypography-root-1 MuiTypography-h6-18 Hook-price-2c3ew8"
                >
                  €6.95
                </h6>
                <div>
                  <a
                    aria-label="Ebay"
                    class="MuiButtonBase-root-43 MuiIconButton-root-37"
                    href="https://rover.ebay.com/rover/1/707-53477-19255-0/1?icep_id=114&ipn=icep&toolid=20004&campid=5338456795&mpre=https%3A%2F%2Fwww.ebay.de%2Fitm%2F183636677740"
                    rel="noopener"
                    role="button"
                    tabindex="0"
                    target="_blank"
                  >
                    <span
                      class="MuiIconButton-label-42"
                    >
                      <svg
                        aria-hidden="true"
                        class="MuiSvgIcon-root-46"
                        focusable="false"
                        role="presentation"
                        viewBox="0 0 302.8 120.1"
                      >
                        <path
                          d="M38.8,26.2c-21.1,0-38.8,9-38.8,36c0,21.4,11.8,34.9,39.3,34.9c32.3,0,34.4-21.3,34.4-21.3H58 c0,0-3.4,11.5-19.7,11.5c-13.3,0-22.9-9-22.9-21.6h59.9v-7.9C75.3,45.4,67.4,26.2,38.8,26.2L38.8,26.2z M38.2,36.3 c12.7,0,21.3,7.8,21.3,19.4H15.8C15.8,43.4,27.1,36.3,38.2,36.3z"
                          id="e"
                        />
                        <path
                          d="M76.3,0v83.6C76.3,88.3,76,95,76,95h14.9c0,0,0.5-4.8,0.5-9.2c0,0,7.4,11.5,27.5,11.5c21.1,0,35.5-14.7,35.5-35.7 c0-19.6-13.2-35.3-35.5-35.3c-20.9,0-27.3,11.3-27.3,11.3V0L76.3,0z M115.1,36.8c14.4,0,23.5,10.7,23.5,24.9 c0,15.3-10.5,25.4-23.4,25.4c-15.3,0-23.6-12-23.6-25.2C91.6,49.5,99,36.8,115.1,36.8z"
                          id="b"
                        />
                        <path
                          d="M192.5,26.2c-31.8,0-33.9,17.4-33.9,20.2h15.8c0,0,0.8-10.2,16.9-10.2c10.5,0,18.6,4.8,18.6,14v3.3h-18.6 c-24.6,0-37.7,7.2-37.7,21.8c0,14.4,12,22.2,28.3,22.2c22.2,0,29.3-12.3,29.3-12.3c0,4.9,0.4,9.7,0.4,9.7h14.1c0,0-0.5-6-0.5-9.8 V52.3C225.3,30.8,207.9,26.2,192.5,26.2L192.5,26.2z M210,63.3v4.4c0,5.7-3.5,19.9-24.2,19.9c-11.3,0-16.2-5.7-16.2-12.2 C169.6,63.4,186,63.3,210,63.3L210,63.3z"
                          id="a"
                        />
                        <path
                          d="M217.8,28.9h17.8l25.6,51.2l25.5-51.2h16.1l-46.5,91.2h-16.9l13.4-25.4L217.8,28.9z"
                          id="y"
                        />
                      </svg>
                    </span>
                    <span
                      class="MuiTouchRipple-root-89"
                    />
                  </a>
                </div>
              </div>
            </div>
            <button
              class="MuiButtonBase-root-43 MuiButton-root-55 MuiButton-outlined-60 MuiButton-outlinedSecondary-62 Hook-button-1ihz2ti Hook-buttonFull-79ekce"
              tabindex="0"
              type="button"
            >
              <span
                class="MuiButton-label-56"
              >
                features
              </span>
              <span
                class="MuiTouchRipple-root-89"
              />
            </button>
          </div>
        </div>
      </div>
      <h5
        class="MuiTypography-root-1 MuiTypography-h5-17 Hook-header-1w8rfj2"
      >
        other
      </h5>
      <div
        class="Hook-container-1b6f21j"
      >
        <div
          class="Hook-root-1ctwg1a"
        >
          <img
            alt="product test"
            class="Hook-img-xjlo1k"
            src="test-file-stub"
          />
          <div
            class="Hook-descriptionContainer-1jku3ep"
          >
            <p
              class="MuiTypography-root-1 MuiTypography-body1-10"
            >
              Bee Swell Wax
            </p>
            <div
              class="Hook-fullWidth-9gqf2j"
            >
              <div
                class="Hook-priceContainer-p5muo6"
              >
                <h6
                  class="MuiTypography-root-1 MuiTypography-h6-18 Hook-price-2c3ew8"
                >
                  €6.95
                </h6>
                <div>
                  <a
                    aria-label="Ebay"
                    class="MuiButtonBase-root-43 MuiIconButton-root-37"
                    href="https://rover.ebay.com/rover/1/707-53477-19255-0/1?icep_id=114&ipn=icep&toolid=20004&campid=5338456795&mpre=https%3A%2F%2Fwww.ebay.de%2Fitm%2F183636677740"
                    rel="noopener"
                    role="button"
                    tabindex="0"
                    target="_blank"
                  >
                    <span
                      class="MuiIconButton-label-42"
                    >
                      <svg
                        aria-hidden="true"
                        class="MuiSvgIcon-root-46"
                        focusable="false"
                        role="presentation"
                        viewBox="0 0 302.8 120.1"
                      >
                        <path
                          d="M38.8,26.2c-21.1,0-38.8,9-38.8,36c0,21.4,11.8,34.9,39.3,34.9c32.3,0,34.4-21.3,34.4-21.3H58 c0,0-3.4,11.5-19.7,11.5c-13.3,0-22.9-9-22.9-21.6h59.9v-7.9C75.3,45.4,67.4,26.2,38.8,26.2L38.8,26.2z M38.2,36.3 c12.7,0,21.3,7.8,21.3,19.4H15.8C15.8,43.4,27.1,36.3,38.2,36.3z"
                          id="e"
                        />
                        <path
                          d="M76.3,0v83.6C76.3,88.3,76,95,76,95h14.9c0,0,0.5-4.8,0.5-9.2c0,0,7.4,11.5,27.5,11.5c21.1,0,35.5-14.7,35.5-35.7 c0-19.6-13.2-35.3-35.5-35.3c-20.9,0-27.3,11.3-27.3,11.3V0L76.3,0z M115.1,36.8c14.4,0,23.5,10.7,23.5,24.9 c0,15.3-10.5,25.4-23.4,25.4c-15.3,0-23.6-12-23.6-25.2C91.6,49.5,99,36.8,115.1,36.8z"
                          id="b"
                        />
                        <path
                          d="M192.5,26.2c-31.8,0-33.9,17.4-33.9,20.2h15.8c0,0,0.8-10.2,16.9-10.2c10.5,0,18.6,4.8,18.6,14v3.3h-18.6 c-24.6,0-37.7,7.2-37.7,21.8c0,14.4,12,22.2,28.3,22.2c22.2,0,29.3-12.3,29.3-12.3c0,4.9,0.4,9.7,0.4,9.7h14.1c0,0-0.5-6-0.5-9.8 V52.3C225.3,30.8,207.9,26.2,192.5,26.2L192.5,26.2z M210,63.3v4.4c0,5.7-3.5,19.9-24.2,19.9c-11.3,0-16.2-5.7-16.2-12.2 C169.6,63.4,186,63.3,210,63.3L210,63.3z"
                          id="a"
                        />
                        <path
                          d="M217.8,28.9h17.8l25.6,51.2l25.5-51.2h16.1l-46.5,91.2h-16.9l13.4-25.4L217.8,28.9z"
                          id="y"
                        />
                      </svg>
                    </span>
                    <span
                      class="MuiTouchRipple-root-89"
                    />
                  </a>
                </div>
              </div>
            </div>
            <button
              class="MuiButtonBase-root-43 MuiButton-root-55 MuiButton-outlined-60 MuiButton-outlinedSecondary-62 Hook-button-1ihz2ti Hook-buttonFull-79ekce"
              tabindex="0"
              type="button"
            >
              <span
                class="MuiButton-label-56"
              >
                features
              </span>
              <span
                class="MuiTouchRipple-root-89"
              />
            </button>
          </div>
        </div>
      </div>
    </div>
  </div>,
  "debug": [Function],
  "getAllByAltText": [Function],
  "getAllByDisplayValue": [Function],
  "getAllByLabelText": [Function],
  "getAllByPlaceholderText": [Function],
  "getAllByRole": [Function],
  "getAllBySelectText": [Function],
  "getAllByTestId": [Function],
  "getAllByText": [Function],
  "getAllByTitle": [Function],
  "getAllByValue": [Function],
  "getByAltText": [Function],
  "getByDisplayValue": [Function],
  "getByLabelText": [Function],
  "getByPlaceholderText": [Function],
  "getByRole": [Function],
  "getBySelectText": [Function],
  "getByTestId": [Function],
  "getByText": [Function],
  "getByTitle": [Function],
  "getByValue": [Function],
  "queryAllByAltText": [Function],
  "queryAllByDisplayValue": [Function],
  "queryAllByLabelText": [Function],
  "queryAllByPlaceholderText": [Function],
  "queryAllByRole": [Function],
  "queryAllBySelectText": [Function],
  "queryAllByTestId": [Function],
  "queryAllByText": [Function],
  "queryAllByTitle": [Function],
  "queryAllByValue": [Function],
  "queryByAltText": [Function],
  "queryByDisplayValue": [Function],
  "queryByLabelText": [Function],
  "queryByPlaceholderText": [Function],
  "queryByRole": [Function],
  "queryBySelectText": [Function],
  "queryByTestId": [Function],
  "queryByText": [Function],
  "queryByTitle": [Function],
  "queryByValue": [Function],
  "rerender": [Function],
  "unmount": [Function],
}
`;
