// Jest Snapshot v1, https://goo.gl/fbAQLP

exports[`About renders correctly 1`] = `
Object {
  "asFragment": [Function],
  "baseElement": <body>
    <div>
      <div
        class="Hook-root-3rw14z"
        id="about"
      >
        <div
          class="Hook-textContainer-1eodug1"
        >
          <h5
            class="MuiTypography-root-1 MuiTypography-h5-17 Hook-title-62s0fu"
          >
            about.sectionTitle1
          </h5>
          <h5
            class="MuiTypography-root-1 MuiTypography-h5-17 Hook-title-62s0fu"
          >
            about.sectionTitle2
          </h5>
          <p
            class="MuiTypography-root-1 MuiTypography-body1-10 Hook-text-mjxm1l"
          >
            about.message
          </p>
        </div>
        <div
          class="Hook-imgContainer-z1deon"
        >
          <div
            class="Hook-img-1vffzme gatsby-image-wrapper"
            style="position: relative; overflow: hidden;"
          >
            <div
              style="width: 100%;"
            />
            <picture>
              <img
                alt="two surfers in ocean"
                sizes="mockString"
                src="mockString"
                srcset="mockString"
                style="position: absolute; top: 0px; left: 0px; width: 100%; height: 100%; opacity: 0;"
              />
            </picture>
            <noscript>
              &lt;picture&gt;&lt;img sizes="mockString" srcset="mockString" src="mockString" alt="two surfers in ocean" style="position:absolute;top:0;left:0;opacity:1;width:100%;height:100%;object-fit:cover;object-position:center"/&gt;&lt;/picture&gt;
            </noscript>
          </div>
        </div>
        <div
          class="Hook-backgroundImg-1kaykh3 gatsby-image-wrapper"
          style="position: absolute; overflow: hidden;"
        >
          <div
            style="width: 100%;"
          />
          <picture>
            <img
              alt="wave background"
              sizes="mockString"
              src="mockString"
              srcset="mockString"
              style="position: absolute; top: 0px; left: 0px; width: 100%; height: 100%; opacity: 0;"
            />
          </picture>
          <noscript>
            &lt;picture&gt;&lt;img sizes="mockString" srcset="mockString" src="mockString" alt="wave background" style="position:absolute;top:0;left:0;opacity:1;width:100%;height:100%;object-fit:cover;object-position:center"/&gt;&lt;/picture&gt;
          </noscript>
        </div>
      </div>
    </div>
  </body>,
  "container": <div>
    <div
      class="Hook-root-3rw14z"
      id="about"
    >
      <div
        class="Hook-textContainer-1eodug1"
      >
        <h5
          class="MuiTypography-root-1 MuiTypography-h5-17 Hook-title-62s0fu"
        >
          about.sectionTitle1
        </h5>
        <h5
          class="MuiTypography-root-1 MuiTypography-h5-17 Hook-title-62s0fu"
        >
          about.sectionTitle2
        </h5>
        <p
          class="MuiTypography-root-1 MuiTypography-body1-10 Hook-text-mjxm1l"
        >
          about.message
        </p>
      </div>
      <div
        class="Hook-imgContainer-z1deon"
      >
        <div
          class="Hook-img-1vffzme gatsby-image-wrapper"
          style="position: relative; overflow: hidden;"
        >
          <div
            style="width: 100%;"
          />
          <picture>
            <img
              alt="two surfers in ocean"
              sizes="mockString"
              src="mockString"
              srcset="mockString"
              style="position: absolute; top: 0px; left: 0px; width: 100%; height: 100%; opacity: 0;"
            />
          </picture>
          <noscript>
            &lt;picture&gt;&lt;img sizes="mockString" srcset="mockString" src="mockString" alt="two surfers in ocean" style="position:absolute;top:0;left:0;opacity:1;width:100%;height:100%;object-fit:cover;object-position:center"/&gt;&lt;/picture&gt;
          </noscript>
        </div>
      </div>
      <div
        class="Hook-backgroundImg-1kaykh3 gatsby-image-wrapper"
        style="position: absolute; overflow: hidden;"
      >
        <div
          style="width: 100%;"
        />
        <picture>
          <img
            alt="wave background"
            sizes="mockString"
            src="mockString"
            srcset="mockString"
            style="position: absolute; top: 0px; left: 0px; width: 100%; height: 100%; opacity: 0;"
          />
        </picture>
        <noscript>
          &lt;picture&gt;&lt;img sizes="mockString" srcset="mockString" src="mockString" alt="wave background" style="position:absolute;top:0;left:0;opacity:1;width:100%;height:100%;object-fit:cover;object-position:center"/&gt;&lt;/picture&gt;
        </noscript>
      </div>
    </div>
  </div>,
  "debug": [Function],
  "findAllByAltText": [Function],
  "findAllByDisplayValue": [Function],
  "findAllByLabelText": [Function],
  "findAllByPlaceholderText": [Function],
  "findAllByRole": [Function],
  "findAllByTestId": [Function],
  "findAllByText": [Function],
  "findAllByTitle": [Function],
  "findByAltText": [Function],
  "findByDisplayValue": [Function],
  "findByLabelText": [Function],
  "findByPlaceholderText": [Function],
  "findByRole": [Function],
  "findByTestId": [Function],
  "findByText": [Function],
  "findByTitle": [Function],
  "getAllByAltText": [Function],
  "getAllByDisplayValue": [Function],
  "getAllByLabelText": [Function],
  "getAllByPlaceholderText": [Function],
  "getAllByRole": [Function],
  "getAllBySelectText": [Function],
  "getAllByTestId": [Function],
  "getAllByText": [Function],
  "getAllByTitle": [Function],
  "getAllByValue": [Function],
  "getByAltText": [Function],
  "getByDisplayValue": [Function],
  "getByLabelText": [Function],
  "getByPlaceholderText": [Function],
  "getByRole": [Function],
  "getBySelectText": [Function],
  "getByTestId": [Function],
  "getByText": [Function],
  "getByTitle": [Function],
  "getByValue": [Function],
  "queryAllByAltText": [Function],
  "queryAllByDisplayValue": [Function],
  "queryAllByLabelText": [Function],
  "queryAllByPlaceholderText": [Function],
  "queryAllByRole": [Function],
  "queryAllBySelectText": [Function],
  "queryAllByTestId": [Function],
  "queryAllByText": [Function],
  "queryAllByTitle": [Function],
  "queryAllByValue": [Function],
  "queryByAltText": [Function],
  "queryByDisplayValue": [Function],
  "queryByLabelText": [Function],
  "queryByPlaceholderText": [Function],
  "queryByRole": [Function],
  "queryBySelectText": [Function],
  "queryByTestId": [Function],
  "queryByText": [Function],
  "queryByTitle": [Function],
  "queryByValue": [Function],
  "rerender": [Function],
  "unmount": [Function],
}
`;
