// Jest Snapshot v1, https://goo.gl/fbAQLP

exports[`Hero renders correctly 1`] = `
Object {
  "asFragment": [Function],
  "baseElement": <body>
    <div>
      <div
        class="Hook-root-1m8vd1u"
      >
        <div
          class="Hook-img-1fs7u0x gatsby-image-wrapper"
          style="position: absolute; overflow: hidden;"
        >
          <div
            style="width: 100%;"
          />
          <picture>
            <source
              sizes="mockString"
              srcset="mockString"
            />
            <img
              alt="wave"
              src="mockString"
              style="position: absolute; top: 0px; left: 0px; width: 100%; height: 100%; opacity: 0;"
            />
          </picture>
          <noscript>
            &lt;picture&gt;&lt;source srcSet="mockString" sizes="mockString" /&gt;&lt;img src="mockString" alt="wave" style="position:absolute;top:0;left:0;transition:opacity 0.5s;transition-delay:0.5s;opacity:1;width:100%;height:100%;object-fit:cover;object-position:center"/&gt;&lt;/picture&gt;
          </noscript>
        </div>
        <div
          class="Hook-container-d5nmbp"
        >
          <h2
            class="MuiTypography-root-1 MuiTypography-h2-7 MuiTypography-gutterBottom-21 Hook-text-1gfu49g Hook-title-1h1ncjr"
          >
            E
            <span
              class="Hook-small-3fuxk0"
            >
              ISBACH
            </span>
          </h2>
          <h2
            class="MuiTypography-root-1 MuiTypography-h2-7 MuiTypography-gutterBottom-21 Hook-text-1gfu49g Hook-title-1h1ncjr Hook-title2-h96k24"
          >
            R
            <span
              class="Hook-small-3fuxk0"
            >
              IDERS
            </span>
          </h2>
          <p
            class="MuiTypography-root-1 MuiTypography-body2-2 Hook-text-1gfu49g Hook-subtitle-qyees7"
          >
            hero.subtitle
          </p>
        </div>
      </div>
    </div>
  </body>,
  "container": <div>
    <div
      class="Hook-root-1m8vd1u"
    >
      <div
        class="Hook-img-1fs7u0x gatsby-image-wrapper"
        style="position: absolute; overflow: hidden;"
      >
        <div
          style="width: 100%;"
        />
        <picture>
          <source
            sizes="mockString"
            srcset="mockString"
          />
          <img
            alt="wave"
            src="mockString"
            style="position: absolute; top: 0px; left: 0px; width: 100%; height: 100%; opacity: 0;"
          />
        </picture>
        <noscript>
          &lt;picture&gt;&lt;source srcSet="mockString" sizes="mockString" /&gt;&lt;img src="mockString" alt="wave" style="position:absolute;top:0;left:0;transition:opacity 0.5s;transition-delay:0.5s;opacity:1;width:100%;height:100%;object-fit:cover;object-position:center"/&gt;&lt;/picture&gt;
        </noscript>
      </div>
      <div
        class="Hook-container-d5nmbp"
      >
        <h2
          class="MuiTypography-root-1 MuiTypography-h2-7 MuiTypography-gutterBottom-21 Hook-text-1gfu49g Hook-title-1h1ncjr"
        >
          E
          <span
            class="Hook-small-3fuxk0"
          >
            ISBACH
          </span>
        </h2>
        <h2
          class="MuiTypography-root-1 MuiTypography-h2-7 MuiTypography-gutterBottom-21 Hook-text-1gfu49g Hook-title-1h1ncjr Hook-title2-h96k24"
        >
          R
          <span
            class="Hook-small-3fuxk0"
          >
            IDERS
          </span>
        </h2>
        <p
          class="MuiTypography-root-1 MuiTypography-body2-2 Hook-text-1gfu49g Hook-subtitle-qyees7"
        >
          hero.subtitle
        </p>
      </div>
    </div>
  </div>,
  "debug": [Function],
  "getAllByAltText": [Function],
  "getAllByDisplayValue": [Function],
  "getAllByLabelText": [Function],
  "getAllByPlaceholderText": [Function],
  "getAllByRole": [Function],
  "getAllBySelectText": [Function],
  "getAllByTestId": [Function],
  "getAllByText": [Function],
  "getAllByTitle": [Function],
  "getAllByValue": [Function],
  "getByAltText": [Function],
  "getByDisplayValue": [Function],
  "getByLabelText": [Function],
  "getByPlaceholderText": [Function],
  "getByRole": [Function],
  "getBySelectText": [Function],
  "getByTestId": [Function],
  "getByText": [Function],
  "getByTitle": [Function],
  "getByValue": [Function],
  "queryAllByAltText": [Function],
  "queryAllByDisplayValue": [Function],
  "queryAllByLabelText": [Function],
  "queryAllByPlaceholderText": [Function],
  "queryAllByRole": [Function],
  "queryAllBySelectText": [Function],
  "queryAllByTestId": [Function],
  "queryAllByText": [Function],
  "queryAllByTitle": [Function],
  "queryAllByValue": [Function],
  "queryByAltText": [Function],
  "queryByDisplayValue": [Function],
  "queryByLabelText": [Function],
  "queryByPlaceholderText": [Function],
  "queryByRole": [Function],
  "queryBySelectText": [Function],
  "queryByTestId": [Function],
  "queryByText": [Function],
  "queryByTitle": [Function],
  "queryByValue": [Function],
  "rerender": [Function],
  "unmount": [Function],
}
`;
