// Jest Snapshot v1, https://goo.gl/fbAQLP

exports[`NewProduct renders correctly 1`] = `
Object {
  "asFragment": [Function],
  "baseElement": <body>
    <div>
      <div
        class="makeStyles-root-1"
      >
        <div
          class="makeStyles-swipeable-2"
          style="overflow-x: hidden;"
        >
          <div
            class="react-swipeable-view-container"
            style="flex-direction: row; direction: ltr; display: flex;"
          >
            <div
              aria-hidden="false"
              data-swipeable="true"
              style="width: 100%; overflow: auto;"
            >
              <div
                class="makeStyles-container-3"
              >
                <img
                  alt="newProduct.imgAlt"
                  class="makeStyles-img-4"
                  src="test-file-stub"
                />
                <div
                  class="MuiPaper-root MuiPaper-elevation10 MuiPaper-rounded makeStyles-paper-5"
                >
                  <img
                    alt="hangers"
                    class="makeStyles-logo-6"
                    src="test-file-stub"
                  />
                  <p
                    class="MuiTypography-root MuiTypography-body1 makeStyles-title-7"
                  >
                    Hidden Surfboard Wall Rack
                  </p>
                  <p
                    class="MuiTypography-root MuiTypography-body1"
                  >
                    newProduct.text_hangers
                  </p>
                  <a
                    aria-disabled="false"
                    class="MuiButtonBase-root MuiButton-root makeStyles-button-9 MuiButton-outlined MuiButton-outlinedPrimary"
                    href="https://shop.eisbach-riders.com/product/surfboard-wall-rack/"
                    role="button"
                    tabindex="0"
                  >
                    <span
                      class="MuiButton-label"
                    >
                      common.more
                    </span>
                    <span
                      class="MuiTouchRipple-root"
                    />
                  </a>
                </div>
              </div>
            </div>
          </div>
        </div>
        <div
          class="MuiPaper-root MuiPaper-elevation0 MuiMobileStepper-root MuiMobileStepper-positionStatic makeStyles-mobileStepper-8"
        >
          <button
            aria-label="common.scrollRight"
            class="MuiButtonBase-root MuiIconButton-root Mui-disabled MuiIconButton-sizeSmall makeStyles-backButton-11 Mui-disabled"
            disabled=""
            tabindex="-1"
            type="button"
          >
            <span
              class="MuiIconButton-label"
            >
              <svg
                aria-hidden="true"
                class="MuiSvgIcon-root"
                focusable="false"
                role="presentation"
                viewBox="0 0 24 24"
              >
                <path
                  d="M15.41 16.59L10.83 12l4.58-4.59L14 6l-6 6 6 6 1.41-1.41z"
                />
                <path
                  d="M0 0h24v24H0V0z"
                  fill="none"
                />
              </svg>
            </span>
          </button>
          <div
            class="MuiMobileStepper-dots"
          >
            <div
              class="MuiMobileStepper-dot MuiMobileStepper-dotActive"
            />
            <div
              class="MuiMobileStepper-dot"
            />
          </div>
          <button
            aria-label="common.scrollLeft"
            class="MuiButtonBase-root MuiIconButton-root MuiIconButton-sizeSmall makeStyles-nextButton-10"
            tabindex="0"
            type="button"
          >
            <span
              class="MuiIconButton-label"
            >
              <svg
                aria-hidden="true"
                class="MuiSvgIcon-root"
                focusable="false"
                role="presentation"
                viewBox="0 0 24 24"
              >
                <path
                  d="M8.59 16.59L13.17 12 8.59 7.41 10 6l6 6-6 6-1.41-1.41z"
                />
                <path
                  d="M0 0h24v24H0V0z"
                  fill="none"
                />
              </svg>
            </span>
            <span
              class="MuiTouchRipple-root"
            />
          </button>
        </div>
      </div>
    </div>
  </body>,
  "container": <div>
    <div
      class="makeStyles-root-1"
    >
      <div
        class="makeStyles-swipeable-2"
        style="overflow-x: hidden;"
      >
        <div
          class="react-swipeable-view-container"
          style="flex-direction: row; direction: ltr; display: flex;"
        >
          <div
            aria-hidden="false"
            data-swipeable="true"
            style="width: 100%; overflow: auto;"
          >
            <div
              class="makeStyles-container-3"
            >
              <img
                alt="newProduct.imgAlt"
                class="makeStyles-img-4"
                src="test-file-stub"
              />
              <div
                class="MuiPaper-root MuiPaper-elevation10 MuiPaper-rounded makeStyles-paper-5"
              >
                <img
                  alt="hangers"
                  class="makeStyles-logo-6"
                  src="test-file-stub"
                />
                <p
                  class="MuiTypography-root MuiTypography-body1 makeStyles-title-7"
                >
                  Hidden Surfboard Wall Rack
                </p>
                <p
                  class="MuiTypography-root MuiTypography-body1"
                >
                  newProduct.text_hangers
                </p>
                <a
                  aria-disabled="false"
                  class="MuiButtonBase-root MuiButton-root makeStyles-button-9 MuiButton-outlined MuiButton-outlinedPrimary"
                  href="https://shop.eisbach-riders.com/product/surfboard-wall-rack/"
                  role="button"
                  tabindex="0"
                >
                  <span
                    class="MuiButton-label"
                  >
                    common.more
                  </span>
                  <span
                    class="MuiTouchRipple-root"
                  />
                </a>
              </div>
            </div>
          </div>
        </div>
      </div>
      <div
        class="MuiPaper-root MuiPaper-elevation0 MuiMobileStepper-root MuiMobileStepper-positionStatic makeStyles-mobileStepper-8"
      >
        <button
          aria-label="common.scrollRight"
          class="MuiButtonBase-root MuiIconButton-root Mui-disabled MuiIconButton-sizeSmall makeStyles-backButton-11 Mui-disabled"
          disabled=""
          tabindex="-1"
          type="button"
        >
          <span
            class="MuiIconButton-label"
          >
            <svg
              aria-hidden="true"
              class="MuiSvgIcon-root"
              focusable="false"
              role="presentation"
              viewBox="0 0 24 24"
            >
              <path
                d="M15.41 16.59L10.83 12l4.58-4.59L14 6l-6 6 6 6 1.41-1.41z"
              />
              <path
                d="M0 0h24v24H0V0z"
                fill="none"
              />
            </svg>
          </span>
        </button>
        <div
          class="MuiMobileStepper-dots"
        >
          <div
            class="MuiMobileStepper-dot MuiMobileStepper-dotActive"
          />
          <div
            class="MuiMobileStepper-dot"
          />
        </div>
        <button
          aria-label="common.scrollLeft"
          class="MuiButtonBase-root MuiIconButton-root MuiIconButton-sizeSmall makeStyles-nextButton-10"
          tabindex="0"
          type="button"
        >
          <span
            class="MuiIconButton-label"
          >
            <svg
              aria-hidden="true"
              class="MuiSvgIcon-root"
              focusable="false"
              role="presentation"
              viewBox="0 0 24 24"
            >
              <path
                d="M8.59 16.59L13.17 12 8.59 7.41 10 6l6 6-6 6-1.41-1.41z"
              />
              <path
                d="M0 0h24v24H0V0z"
                fill="none"
              />
            </svg>
          </span>
          <span
            class="MuiTouchRipple-root"
          />
        </button>
      </div>
    </div>
  </div>,
  "debug": [Function],
  "findAllByAltText": [Function],
  "findAllByDisplayValue": [Function],
  "findAllByLabelText": [Function],
  "findAllByPlaceholderText": [Function],
  "findAllByRole": [Function],
  "findAllByTestId": [Function],
  "findAllByText": [Function],
  "findAllByTitle": [Function],
  "findByAltText": [Function],
  "findByDisplayValue": [Function],
  "findByLabelText": [Function],
  "findByPlaceholderText": [Function],
  "findByRole": [Function],
  "findByTestId": [Function],
  "findByText": [Function],
  "findByTitle": [Function],
  "getAllByAltText": [Function],
  "getAllByDisplayValue": [Function],
  "getAllByLabelText": [Function],
  "getAllByPlaceholderText": [Function],
  "getAllByRole": [Function],
  "getAllByTestId": [Function],
  "getAllByText": [Function],
  "getAllByTitle": [Function],
  "getByAltText": [Function],
  "getByDisplayValue": [Function],
  "getByLabelText": [Function],
  "getByPlaceholderText": [Function],
  "getByRole": [Function],
  "getByTestId": [Function],
  "getByText": [Function],
  "getByTitle": [Function],
  "queryAllByAltText": [Function],
  "queryAllByDisplayValue": [Function],
  "queryAllByLabelText": [Function],
  "queryAllByPlaceholderText": [Function],
  "queryAllByRole": [Function],
  "queryAllByTestId": [Function],
  "queryAllByText": [Function],
  "queryAllByTitle": [Function],
  "queryByAltText": [Function],
  "queryByDisplayValue": [Function],
  "queryByLabelText": [Function],
  "queryByPlaceholderText": [Function],
  "queryByRole": [Function],
  "queryByTestId": [Function],
  "queryByText": [Function],
  "queryByTitle": [Function],
  "rerender": [Function],
  "unmount": [Function],
}
`;
