// Jest Snapshot v1, https://goo.gl/fbAQLP

exports[`NewProduct renders correctly 1`] = `
Object {
  "asFragment": [Function],
  "baseElement": <body>
    <div>
      <div
        class="Hook-root-o6ux9v"
        id="products"
      >
        <div
          class="Hook-swipeable-1dl19ug"
          style="overflow-x: hidden;"
        >
          <div
            class="react-swipeable-view-container"
            style="flex-direction: row; direction: ltr; display: flex;"
          >
            <div
              aria-hidden="false"
              data-swipeable="true"
              style="width: 100%; overflow: auto;"
            >
              <div
                class="Hook-container-hjghnz"
              >
                <img
                  alt="newProduct.imgAlt"
                  class="Hook-img-pb1ux8"
                  src="test-file-stub"
                />
                <div
                  class="MuiPaper-root MuiPaper-elevation10 MuiPaper-rounded Hook-paper-hm1bzp"
                >
                  <img
                    alt="hangers"
                    class="Hook-logo-qndciu"
                    src="test-file-stub"
                  />
                  <p
                    class="MuiTypography-root MuiTypography-body2 Hook-title-pj3ctz"
                  >
                    Hidden Surfboard Wall Rack
                  </p>
                  <p
                    class="MuiTypography-root MuiTypography-body2"
                  >
                    newProduct.text_hangers
                  </p>
                  <a
                    aria-disabled="false"
                    class="MuiButtonBase-root MuiButton-root MuiButton-outlined MuiButton-outlinedSecondary Hook-button-daa18a"
                    href="https://amzn.to/2BHjz9U"
                    rel="noopener"
                    role="button"
                    tabindex="0"
                    target="_blank"
                  >
                    <span
                      class="MuiButton-label"
                    >
                      common.more
                    </span>
                    <span
                      class="MuiTouchRipple-root"
                    />
                  </a>
                </div>
              </div>
            </div>
          </div>
        </div>
        <div
          class="MuiPaper-root MuiPaper-elevation0 MuiMobileStepper-root MuiMobileStepper-positionStatic Hook-mobileStepper-1fso5ns"
        >
          <button
            aria-label="common.scrollRight"
            class="MuiButtonBase-root MuiButtonBase-disabled MuiIconButton-root MuiIconButton-disabled MuiIconButton-sizeSmall Hook-backButton-v13497"
            disabled=""
            tabindex="-1"
            type="button"
          >
            <span
              class="MuiIconButton-label"
            >
              <svg
                aria-hidden="true"
                class="MuiSvgIcon-root"
                focusable="false"
                role="presentation"
                viewBox="0 0 24 24"
              >
                <path
                  d="M15.41 16.59L10.83 12l4.58-4.59L14 6l-6 6 6 6 1.41-1.41z"
                />
                <path
                  d="M0 0h24v24H0V0z"
                  fill="none"
                />
              </svg>
            </span>
          </button>
          <div
            class="MuiMobileStepper-dots"
          >
            <div
              class="MuiMobileStepper-dot MuiMobileStepper-dotActive"
            />
            <div
              class="MuiMobileStepper-dot"
            />
          </div>
          <button
            aria-label="common.scrollLeft"
            class="MuiButtonBase-root MuiIconButton-root MuiIconButton-sizeSmall Hook-nextButton-swpbdf"
            tabindex="0"
            type="button"
          >
            <span
              class="MuiIconButton-label"
            >
              <svg
                aria-hidden="true"
                class="MuiSvgIcon-root"
                focusable="false"
                role="presentation"
                viewBox="0 0 24 24"
              >
                <path
                  d="M8.59 16.59L13.17 12 8.59 7.41 10 6l6 6-6 6-1.41-1.41z"
                />
                <path
                  d="M0 0h24v24H0V0z"
                  fill="none"
                />
              </svg>
            </span>
            <span
              class="MuiTouchRipple-root"
            />
          </button>
        </div>
      </div>
    </div>
  </body>,
  "container": <div>
    <div
      class="Hook-root-o6ux9v"
      id="products"
    >
      <div
        class="Hook-swipeable-1dl19ug"
        style="overflow-x: hidden;"
      >
        <div
          class="react-swipeable-view-container"
          style="flex-direction: row; direction: ltr; display: flex;"
        >
          <div
            aria-hidden="false"
            data-swipeable="true"
            style="width: 100%; overflow: auto;"
          >
            <div
              class="Hook-container-hjghnz"
            >
              <img
                alt="newProduct.imgAlt"
                class="Hook-img-pb1ux8"
                src="test-file-stub"
              />
              <div
                class="MuiPaper-root MuiPaper-elevation10 MuiPaper-rounded Hook-paper-hm1bzp"
              >
                <img
                  alt="hangers"
                  class="Hook-logo-qndciu"
                  src="test-file-stub"
                />
                <p
                  class="MuiTypography-root MuiTypography-body2 Hook-title-pj3ctz"
                >
                  Hidden Surfboard Wall Rack
                </p>
                <p
                  class="MuiTypography-root MuiTypography-body2"
                >
                  newProduct.text_hangers
                </p>
                <a
                  aria-disabled="false"
                  class="MuiButtonBase-root MuiButton-root MuiButton-outlined MuiButton-outlinedSecondary Hook-button-daa18a"
                  href="https://amzn.to/2BHjz9U"
                  rel="noopener"
                  role="button"
                  tabindex="0"
                  target="_blank"
                >
                  <span
                    class="MuiButton-label"
                  >
                    common.more
                  </span>
                  <span
                    class="MuiTouchRipple-root"
                  />
                </a>
              </div>
            </div>
          </div>
        </div>
      </div>
      <div
        class="MuiPaper-root MuiPaper-elevation0 MuiMobileStepper-root MuiMobileStepper-positionStatic Hook-mobileStepper-1fso5ns"
      >
        <button
          aria-label="common.scrollRight"
          class="MuiButtonBase-root MuiButtonBase-disabled MuiIconButton-root MuiIconButton-disabled MuiIconButton-sizeSmall Hook-backButton-v13497"
          disabled=""
          tabindex="-1"
          type="button"
        >
          <span
            class="MuiIconButton-label"
          >
            <svg
              aria-hidden="true"
              class="MuiSvgIcon-root"
              focusable="false"
              role="presentation"
              viewBox="0 0 24 24"
            >
              <path
                d="M15.41 16.59L10.83 12l4.58-4.59L14 6l-6 6 6 6 1.41-1.41z"
              />
              <path
                d="M0 0h24v24H0V0z"
                fill="none"
              />
            </svg>
          </span>
        </button>
        <div
          class="MuiMobileStepper-dots"
        >
          <div
            class="MuiMobileStepper-dot MuiMobileStepper-dotActive"
          />
          <div
            class="MuiMobileStepper-dot"
          />
        </div>
        <button
          aria-label="common.scrollLeft"
          class="MuiButtonBase-root MuiIconButton-root MuiIconButton-sizeSmall Hook-nextButton-swpbdf"
          tabindex="0"
          type="button"
        >
          <span
            class="MuiIconButton-label"
          >
            <svg
              aria-hidden="true"
              class="MuiSvgIcon-root"
              focusable="false"
              role="presentation"
              viewBox="0 0 24 24"
            >
              <path
                d="M8.59 16.59L13.17 12 8.59 7.41 10 6l6 6-6 6-1.41-1.41z"
              />
              <path
                d="M0 0h24v24H0V0z"
                fill="none"
              />
            </svg>
          </span>
          <span
            class="MuiTouchRipple-root"
          />
        </button>
      </div>
    </div>
  </div>,
  "debug": [Function],
  "getAllByAltText": [Function],
  "getAllByDisplayValue": [Function],
  "getAllByLabelText": [Function],
  "getAllByPlaceholderText": [Function],
  "getAllByRole": [Function],
  "getAllBySelectText": [Function],
  "getAllByTestId": [Function],
  "getAllByText": [Function],
  "getAllByTitle": [Function],
  "getAllByValue": [Function],
  "getByAltText": [Function],
  "getByDisplayValue": [Function],
  "getByLabelText": [Function],
  "getByPlaceholderText": [Function],
  "getByRole": [Function],
  "getBySelectText": [Function],
  "getByTestId": [Function],
  "getByText": [Function],
  "getByTitle": [Function],
  "getByValue": [Function],
  "queryAllByAltText": [Function],
  "queryAllByDisplayValue": [Function],
  "queryAllByLabelText": [Function],
  "queryAllByPlaceholderText": [Function],
  "queryAllByRole": [Function],
  "queryAllBySelectText": [Function],
  "queryAllByTestId": [Function],
  "queryAllByText": [Function],
  "queryAllByTitle": [Function],
  "queryAllByValue": [Function],
  "queryByAltText": [Function],
  "queryByDisplayValue": [Function],
  "queryByLabelText": [Function],
  "queryByPlaceholderText": [Function],
  "queryByRole": [Function],
  "queryBySelectText": [Function],
  "queryByTestId": [Function],
  "queryByText": [Function],
  "queryByTitle": [Function],
  "queryByValue": [Function],
  "rerender": [Function],
  "unmount": [Function],
}
`;
