// Jest Snapshot v1, https://goo.gl/fbAQLP

exports[`Products renders correctly 1`] = `
Object {
  "asFragment": [Function],
  "baseElement": <body>
    <div>
      <div
        class="Hook-root-1inkmd6"
        id="products"
      >
        <h5
          class="MuiTypography-root MuiTypography-h5 Hook-title-1wwjqyh"
        >
          products.sectionTitle
        </h5>
        <div
          class="Hook-container-1nicdiq"
        >
          <div
            class="Hook-itemContainer-q53i6a"
          >
            <img
              alt="product 0"
              class="Hook-img-iydbqq"
              src="test-file-stub"
            />
            <div
              class="Hook-descriptionContainer-1p0knpg"
            >
              <p
                class="MuiTypography-root MuiTypography-body2 Hook-name-1y8w25n"
              >
                FCS Double Tab Thruster
              </p>
              <a
                aria-disabled="false"
                class="MuiButtonBase-root MuiButton-root MuiButton-outlined MuiButton-outlinedPrimary Hook-button-ot4ilw"
                href="https://amzn.to/2OfsJjc"
                rel="noopener"
                role="button"
                tabindex="0"
                target="_blank"
              >
                <span
                  class="MuiButton-label"
                >
                  common.more
                </span>
                <span
                  class="MuiTouchRipple-root"
                />
              </a>
            </div>
          </div>
          <div
            class="Hook-itemContainer-q53i6a"
          >
            <img
              alt="product 1"
              class="Hook-img-iydbqq"
              src="test-file-stub"
            />
            <div
              class="Hook-descriptionContainer-1p0knpg"
            >
              <p
                class="MuiTypography-root MuiTypography-body2 Hook-name-1y8w25n"
              >
                RailProtect Tape
              </p>
              <a
                aria-disabled="false"
                class="MuiButtonBase-root MuiButton-root MuiButton-outlined MuiButton-outlinedPrimary Hook-button-ot4ilw"
                href="https://amzn.to/2Y7BDDQ"
                rel="noopener"
                role="button"
                tabindex="0"
                target="_blank"
              >
                <span
                  class="MuiButton-label"
                >
                  common.more
                </span>
                <span
                  class="MuiTouchRipple-root"
                />
              </a>
            </div>
          </div>
          <div
            class="Hook-itemContainer-q53i6a"
          >
            <img
              alt="product 2"
              class="Hook-img-iydbqq"
              src="test-file-stub"
            />
            <div
              class="Hook-descriptionContainer-1p0knpg"
            >
              <p
                class="MuiTypography-root MuiTypography-body2 Hook-name-1y8w25n"
              >
                Future Single Tab Thruster
              </p>
              <a
                aria-disabled="false"
                class="MuiButtonBase-root MuiButton-root MuiButton-outlined MuiButton-outlinedPrimary Hook-button-ot4ilw"
                href="https://amzn.to/2OkhqGA"
                rel="noopener"
                role="button"
                tabindex="0"
                target="_blank"
              >
                <span
                  class="MuiButton-label"
                >
                  common.more
                </span>
                <span
                  class="MuiTouchRipple-root"
                />
              </a>
            </div>
          </div>
        </div>
      </div>
    </div>
  </body>,
  "container": <div>
    <div
      class="Hook-root-1inkmd6"
      id="products"
    >
      <h5
        class="MuiTypography-root MuiTypography-h5 Hook-title-1wwjqyh"
      >
        products.sectionTitle
      </h5>
      <div
        class="Hook-container-1nicdiq"
      >
        <div
          class="Hook-itemContainer-q53i6a"
        >
          <img
            alt="product 0"
            class="Hook-img-iydbqq"
            src="test-file-stub"
          />
          <div
            class="Hook-descriptionContainer-1p0knpg"
          >
            <p
              class="MuiTypography-root MuiTypography-body2 Hook-name-1y8w25n"
            >
              FCS Double Tab Thruster
            </p>
            <a
              aria-disabled="false"
              class="MuiButtonBase-root MuiButton-root MuiButton-outlined MuiButton-outlinedPrimary Hook-button-ot4ilw"
              href="https://amzn.to/2OfsJjc"
              rel="noopener"
              role="button"
              tabindex="0"
              target="_blank"
            >
              <span
                class="MuiButton-label"
              >
                common.more
              </span>
              <span
                class="MuiTouchRipple-root"
              />
            </a>
          </div>
        </div>
        <div
          class="Hook-itemContainer-q53i6a"
        >
          <img
            alt="product 1"
            class="Hook-img-iydbqq"
            src="test-file-stub"
          />
          <div
            class="Hook-descriptionContainer-1p0knpg"
          >
            <p
              class="MuiTypography-root MuiTypography-body2 Hook-name-1y8w25n"
            >
              RailProtect Tape
            </p>
            <a
              aria-disabled="false"
              class="MuiButtonBase-root MuiButton-root MuiButton-outlined MuiButton-outlinedPrimary Hook-button-ot4ilw"
              href="https://amzn.to/2Y7BDDQ"
              rel="noopener"
              role="button"
              tabindex="0"
              target="_blank"
            >
              <span
                class="MuiButton-label"
              >
                common.more
              </span>
              <span
                class="MuiTouchRipple-root"
              />
            </a>
          </div>
        </div>
        <div
          class="Hook-itemContainer-q53i6a"
        >
          <img
            alt="product 2"
            class="Hook-img-iydbqq"
            src="test-file-stub"
          />
          <div
            class="Hook-descriptionContainer-1p0knpg"
          >
            <p
              class="MuiTypography-root MuiTypography-body2 Hook-name-1y8w25n"
            >
              Future Single Tab Thruster
            </p>
            <a
              aria-disabled="false"
              class="MuiButtonBase-root MuiButton-root MuiButton-outlined MuiButton-outlinedPrimary Hook-button-ot4ilw"
              href="https://amzn.to/2OkhqGA"
              rel="noopener"
              role="button"
              tabindex="0"
              target="_blank"
            >
              <span
                class="MuiButton-label"
              >
                common.more
              </span>
              <span
                class="MuiTouchRipple-root"
              />
            </a>
          </div>
        </div>
      </div>
    </div>
  </div>,
  "debug": [Function],
  "getAllByAltText": [Function],
  "getAllByDisplayValue": [Function],
  "getAllByLabelText": [Function],
  "getAllByPlaceholderText": [Function],
  "getAllByRole": [Function],
  "getAllBySelectText": [Function],
  "getAllByTestId": [Function],
  "getAllByText": [Function],
  "getAllByTitle": [Function],
  "getAllByValue": [Function],
  "getByAltText": [Function],
  "getByDisplayValue": [Function],
  "getByLabelText": [Function],
  "getByPlaceholderText": [Function],
  "getByRole": [Function],
  "getBySelectText": [Function],
  "getByTestId": [Function],
  "getByText": [Function],
  "getByTitle": [Function],
  "getByValue": [Function],
  "queryAllByAltText": [Function],
  "queryAllByDisplayValue": [Function],
  "queryAllByLabelText": [Function],
  "queryAllByPlaceholderText": [Function],
  "queryAllByRole": [Function],
  "queryAllBySelectText": [Function],
  "queryAllByTestId": [Function],
  "queryAllByText": [Function],
  "queryAllByTitle": [Function],
  "queryAllByValue": [Function],
  "queryByAltText": [Function],
  "queryByDisplayValue": [Function],
  "queryByLabelText": [Function],
  "queryByPlaceholderText": [Function],
  "queryByRole": [Function],
  "queryBySelectText": [Function],
  "queryByTestId": [Function],
  "queryByText": [Function],
  "queryByTitle": [Function],
  "queryByValue": [Function],
  "rerender": [Function],
  "unmount": [Function],
}
`;
