// Jest Snapshot v1, https://goo.gl/fbAQLP

exports[`Products renders correctly 1`] = `
Object {
  "asFragment": [Function],
  "baseElement": <body>
    <div>
      <div
        class="Hook-root-1ntpn8u"
      >
        <h5
          class="MuiTypography-root-1 MuiTypography-h5-17 Hook-title-30w93p"
        >
          products.sectionTitle
        </h5>
        <div
          class="Hook-container-13v418p"
        >
          <div
            class="Hook-itemContainer-vdh5bf"
          >
            <img
              alt="product 0"
              class="Hook-img-cai670"
              src="test-file-stub"
            />
            <div
              class="Hook-descriptionContainer-1tsden"
            >
              <p
                class="MuiTypography-root-1 MuiTypography-body1-10 Hook-name-uohml8"
              >
                FCS Double Tab Thruster
              </p>
              <a
                class="MuiButtonBase-root-63 MuiButton-root-37 MuiButton-outlined-45 MuiButton-outlinedPrimary-46 Hook-button-429z7t"
                href="https://amzn.to/2OfsJjc"
                rel="noopener"
                role="button"
                tabindex="0"
                target="_blank"
              >
                <span
                  class="MuiButton-label-38"
                >
                  common.more
                </span>
                <span
                  class="MuiTouchRipple-root-66"
                />
              </a>
            </div>
          </div>
          <div
            class="Hook-itemContainer-vdh5bf"
          >
            <img
              alt="product 1"
              class="Hook-img-cai670"
              src="test-file-stub"
            />
            <div
              class="Hook-descriptionContainer-1tsden"
            >
              <p
                class="MuiTypography-root-1 MuiTypography-body1-10 Hook-name-uohml8"
              >
                RailProtect Tape
              </p>
              <a
                class="MuiButtonBase-root-63 MuiButton-root-37 MuiButton-outlined-45 MuiButton-outlinedPrimary-46 Hook-button-429z7t"
                href="https://amzn.to/2Y7BDDQ"
                rel="noopener"
                role="button"
                tabindex="0"
                target="_blank"
              >
                <span
                  class="MuiButton-label-38"
                >
                  common.more
                </span>
                <span
                  class="MuiTouchRipple-root-66"
                />
              </a>
            </div>
          </div>
          <div
            class="Hook-itemContainer-vdh5bf"
          >
            <img
              alt="product 2"
              class="Hook-img-cai670"
              src="test-file-stub"
            />
            <div
              class="Hook-descriptionContainer-1tsden"
            >
              <p
                class="MuiTypography-root-1 MuiTypography-body1-10 Hook-name-uohml8"
              >
                Future Single Tab Thruster
              </p>
              <a
                class="MuiButtonBase-root-63 MuiButton-root-37 MuiButton-outlined-45 MuiButton-outlinedPrimary-46 Hook-button-429z7t"
                href="https://amzn.to/2OkhqGA"
                rel="noopener"
                role="button"
                tabindex="0"
                target="_blank"
              >
                <span
                  class="MuiButton-label-38"
                >
                  common.more
                </span>
                <span
                  class="MuiTouchRipple-root-66"
                />
              </a>
            </div>
          </div>
        </div>
      </div>
    </div>
  </body>,
  "container": <div>
    <div
      class="Hook-root-1ntpn8u"
    >
      <h5
        class="MuiTypography-root-1 MuiTypography-h5-17 Hook-title-30w93p"
      >
        products.sectionTitle
      </h5>
      <div
        class="Hook-container-13v418p"
      >
        <div
          class="Hook-itemContainer-vdh5bf"
        >
          <img
            alt="product 0"
            class="Hook-img-cai670"
            src="test-file-stub"
          />
          <div
            class="Hook-descriptionContainer-1tsden"
          >
            <p
              class="MuiTypography-root-1 MuiTypography-body1-10 Hook-name-uohml8"
            >
              FCS Double Tab Thruster
            </p>
            <a
              class="MuiButtonBase-root-63 MuiButton-root-37 MuiButton-outlined-45 MuiButton-outlinedPrimary-46 Hook-button-429z7t"
              href="https://amzn.to/2OfsJjc"
              rel="noopener"
              role="button"
              tabindex="0"
              target="_blank"
            >
              <span
                class="MuiButton-label-38"
              >
                common.more
              </span>
              <span
                class="MuiTouchRipple-root-66"
              />
            </a>
          </div>
        </div>
        <div
          class="Hook-itemContainer-vdh5bf"
        >
          <img
            alt="product 1"
            class="Hook-img-cai670"
            src="test-file-stub"
          />
          <div
            class="Hook-descriptionContainer-1tsden"
          >
            <p
              class="MuiTypography-root-1 MuiTypography-body1-10 Hook-name-uohml8"
            >
              RailProtect Tape
            </p>
            <a
              class="MuiButtonBase-root-63 MuiButton-root-37 MuiButton-outlined-45 MuiButton-outlinedPrimary-46 Hook-button-429z7t"
              href="https://amzn.to/2Y7BDDQ"
              rel="noopener"
              role="button"
              tabindex="0"
              target="_blank"
            >
              <span
                class="MuiButton-label-38"
              >
                common.more
              </span>
              <span
                class="MuiTouchRipple-root-66"
              />
            </a>
          </div>
        </div>
        <div
          class="Hook-itemContainer-vdh5bf"
        >
          <img
            alt="product 2"
            class="Hook-img-cai670"
            src="test-file-stub"
          />
          <div
            class="Hook-descriptionContainer-1tsden"
          >
            <p
              class="MuiTypography-root-1 MuiTypography-body1-10 Hook-name-uohml8"
            >
              Future Single Tab Thruster
            </p>
            <a
              class="MuiButtonBase-root-63 MuiButton-root-37 MuiButton-outlined-45 MuiButton-outlinedPrimary-46 Hook-button-429z7t"
              href="https://amzn.to/2OkhqGA"
              rel="noopener"
              role="button"
              tabindex="0"
              target="_blank"
            >
              <span
                class="MuiButton-label-38"
              >
                common.more
              </span>
              <span
                class="MuiTouchRipple-root-66"
              />
            </a>
          </div>
        </div>
      </div>
    </div>
  </div>,
  "debug": [Function],
  "findAllByAltText": [Function],
  "findAllByDisplayValue": [Function],
  "findAllByLabelText": [Function],
  "findAllByPlaceholderText": [Function],
  "findAllByRole": [Function],
  "findAllByTestId": [Function],
  "findAllByText": [Function],
  "findAllByTitle": [Function],
  "findByAltText": [Function],
  "findByDisplayValue": [Function],
  "findByLabelText": [Function],
  "findByPlaceholderText": [Function],
  "findByRole": [Function],
  "findByTestId": [Function],
  "findByText": [Function],
  "findByTitle": [Function],
  "getAllByAltText": [Function],
  "getAllByDisplayValue": [Function],
  "getAllByLabelText": [Function],
  "getAllByPlaceholderText": [Function],
  "getAllByRole": [Function],
  "getAllBySelectText": [Function],
  "getAllByTestId": [Function],
  "getAllByText": [Function],
  "getAllByTitle": [Function],
  "getAllByValue": [Function],
  "getByAltText": [Function],
  "getByDisplayValue": [Function],
  "getByLabelText": [Function],
  "getByPlaceholderText": [Function],
  "getByRole": [Function],
  "getBySelectText": [Function],
  "getByTestId": [Function],
  "getByText": [Function],
  "getByTitle": [Function],
  "getByValue": [Function],
  "queryAllByAltText": [Function],
  "queryAllByDisplayValue": [Function],
  "queryAllByLabelText": [Function],
  "queryAllByPlaceholderText": [Function],
  "queryAllByRole": [Function],
  "queryAllBySelectText": [Function],
  "queryAllByTestId": [Function],
  "queryAllByText": [Function],
  "queryAllByTitle": [Function],
  "queryAllByValue": [Function],
  "queryByAltText": [Function],
  "queryByDisplayValue": [Function],
  "queryByLabelText": [Function],
  "queryByPlaceholderText": [Function],
  "queryByRole": [Function],
  "queryBySelectText": [Function],
  "queryByTestId": [Function],
  "queryByText": [Function],
  "queryByTitle": [Function],
  "queryByValue": [Function],
  "rerender": [Function],
  "unmount": [Function],
}
`;
