// Jest Snapshot v1, https://goo.gl/fbAQLP

exports[`ProductDialog renders correctly 1`] = `
Object {
  "asFragment": [Function],
  "baseElement": <body
    style="overflow: hidden; padding-right: 0px;"
  >
    <div
      aria-hidden="true"
    >
      <button
        class="MuiButtonBase-root MuiButton-root makeStyles-button-2 MuiButton-outlined MuiButton-outlinedPrimary"
        tabindex="0"
        type="button"
      >
        <span
          class="MuiButton-label"
        >
          mockButtonText
        </span>
        <span
          class="MuiTouchRipple-root"
        />
      </button>
    </div>
    <div
      class="MuiDialog-root"
      role="dialog"
      style="position: fixed; z-index: 1300; right: 0px; bottom: 0px; top: 0px; left: 0px;"
    >
      <div
        aria-hidden="true"
        class="MuiBackdrop-root"
        style="opacity: 1; -webkit-transition: opacity 225ms cubic-bezier(0.4, 0, 0.2, 1) 0ms;"
      />
      <div
        data-test="sentinelStart"
        tabindex="0"
      />
      <div
        class="MuiDialog-container MuiDialog-scrollPaper"
        role="document"
        style="opacity: 1; -webkit-transition: opacity 225ms cubic-bezier(0.4, 0, 0.2, 1) 0ms;"
        tabindex="-1"
      >
        <div
          class="MuiPaper-root MuiPaper-elevation24 MuiPaper-rounded MuiDialog-paper makeStyles-paper-3 MuiDialog-paperScrollPaper MuiDialog-paperWidthMd"
        >
          <div
            class="MuiDialogTitle-root makeStyles-dialogTitle-7"
            id="dialog-title"
          >
            <h6
              class="MuiTypography-root MuiTypography-h6"
            >
              <button
                aria-label="close"
                class="MuiButtonBase-root MuiIconButton-root MuiIconButton-colorInherit makeStyles-closeButton-8"
                tabindex="0"
                type="button"
              >
                <span
                  class="MuiIconButton-label"
                >
                  <svg
                    aria-hidden="true"
                    class="MuiSvgIcon-root"
                    focusable="false"
                    role="presentation"
                    viewBox="0 0 24 24"
                  >
                    <path
                      d="M19 6.41L17.59 5 12 10.59 6.41 5 5 6.41 10.59 12 5 17.59 6.41 19 12 13.41 17.59 19 19 17.59 13.41 12z"
                    />
                    <path
                      d="M0 0h24v24H0z"
                      fill="none"
                    />
                  </svg>
                </span>
                <span
                  class="MuiTouchRipple-root"
                />
              </button>
            </h6>
          </div>
          <div
            class="MuiDialogContent-root makeStyles-dialogRoot-20"
          >
            <div
              class="makeStyles-dialogContainer-4"
            >
              <div
                class="makeStyles-dialogImg-5"
              >
                <div
                  style="overflow-x: hidden;"
                >
                  <div
                    class="react-swipeable-view-container"
                    style="flex-direction: row; direction: ltr; display: flex;"
                  />
                </div>
                <div
                  class="MuiPaper-root MuiPaper-elevation0 MuiMobileStepper-root MuiMobileStepper-positionStatic makeStyles-mobileStepper-18"
                >
                  <button
                    aria-label="scroll right"
                    class="MuiButtonBase-root MuiIconButton-root Mui-disabled MuiIconButton-sizeSmall Mui-disabled"
                    disabled=""
                    tabindex="-1"
                    type="button"
                  >
                    <span
                      class="MuiIconButton-label"
                    >
                      <svg
                        aria-hidden="true"
                        class="MuiSvgIcon-root"
                        focusable="false"
                        role="presentation"
                        viewBox="0 0 24 24"
                      >
                        <path
                          d="M15.41 16.59L10.83 12l4.58-4.59L14 6l-6 6 6 6 1.41-1.41z"
                        />
                        <path
                          d="M0 0h24v24H0V0z"
                          fill="none"
                        />
                      </svg>
                    </span>
                  </button>
                  <div
                    class="MuiMobileStepper-dots"
                  />
                  <button
                    aria-label="scroll left"
                    class="MuiButtonBase-root MuiIconButton-root MuiIconButton-sizeSmall"
                    tabindex="0"
                    type="button"
                  >
                    <span
                      class="MuiIconButton-label"
                    >
                      <svg
                        aria-hidden="true"
                        class="MuiSvgIcon-root"
                        focusable="false"
                        role="presentation"
                        viewBox="0 0 24 24"
                      >
                        <path
                          d="M8.59 16.59L13.17 12 8.59 7.41 10 6l6 6-6 6-1.41-1.41z"
                        />
                        <path
                          d="M0 0h24v24H0V0z"
                          fill="none"
                        />
                      </svg>
                    </span>
                    <span
                      class="MuiTouchRipple-root"
                    />
                  </button>
                </div>
              </div>
              <div
                class="makeStyles-dialogContent-6"
              >
                <div
                  class="makeStyles-priceContainer-17"
                >
                  <h6
                    class="MuiTypography-root MuiTypography-h6 makeStyles-price-10"
                  >
                    €undefined
                  </h6>
                  <div />
                </div>
                <ul
                  class="MuiList-root makeStyles-scroll-19"
                />
              </div>
            </div>
          </div>
        </div>
      </div>
      <div
        data-test="sentinelEnd"
        tabindex="0"
      />
    </div>
  </body>,
  "container": <div
    aria-hidden="true"
  >
    <button
      class="MuiButtonBase-root MuiButton-root makeStyles-button-2 MuiButton-outlined MuiButton-outlinedPrimary"
      tabindex="0"
      type="button"
    >
      <span
        class="MuiButton-label"
      >
        mockButtonText
      </span>
      <span
        class="MuiTouchRipple-root"
      />
    </button>
  </div>,
  "debug": [Function],
  "findAllByAltText": [Function],
  "findAllByDisplayValue": [Function],
  "findAllByLabelText": [Function],
  "findAllByPlaceholderText": [Function],
  "findAllByRole": [Function],
  "findAllByTestId": [Function],
  "findAllByText": [Function],
  "findAllByTitle": [Function],
  "findByAltText": [Function],
  "findByDisplayValue": [Function],
  "findByLabelText": [Function],
  "findByPlaceholderText": [Function],
  "findByRole": [Function],
  "findByTestId": [Function],
  "findByText": [Function],
  "findByTitle": [Function],
  "getAllByAltText": [Function],
  "getAllByDisplayValue": [Function],
  "getAllByLabelText": [Function],
  "getAllByPlaceholderText": [Function],
  "getAllByRole": [Function],
  "getAllByTestId": [Function],
  "getAllByText": [Function],
  "getAllByTitle": [Function],
  "getByAltText": [Function],
  "getByDisplayValue": [Function],
  "getByLabelText": [Function],
  "getByPlaceholderText": [Function],
  "getByRole": [Function],
  "getByTestId": [Function],
  "getByText": [Function],
  "getByTitle": [Function],
  "queryAllByAltText": [Function],
  "queryAllByDisplayValue": [Function],
  "queryAllByLabelText": [Function],
  "queryAllByPlaceholderText": [Function],
  "queryAllByRole": [Function],
  "queryAllByTestId": [Function],
  "queryAllByText": [Function],
  "queryAllByTitle": [Function],
  "queryByAltText": [Function],
  "queryByDisplayValue": [Function],
  "queryByLabelText": [Function],
  "queryByPlaceholderText": [Function],
  "queryByRole": [Function],
  "queryByTestId": [Function],
  "queryByText": [Function],
  "queryByTitle": [Function],
  "rerender": [Function],
  "unmount": [Function],
}
`;
