// Jest Snapshot v1, https://goo.gl/fbAQLP

exports[`Tracking renders correctly 1`] = `
Object {
  "asFragment": [Function],
  "baseElement": <body>
    <div>
      <div
        class="MuiSnackbar-root-1 MuiSnackbar-anchorOriginBottomCenter-3 Hook-snackbar-1o19kbz"
      >
        <div
          aria-describedby="client-snackbar"
          class="MuiTypography-root-38 MuiTypography-body2-39 MuiPaper-root-11 MuiPaper-elevation6-19 MuiSnackbarContent-root-8 Hook-snackbarContent-1xoobo1"
          role="alertdialog"
          style="-webkit-transform: translate(0, 0); transform: translate(0, 0); -webkit-transition: -webkit-transform 225ms cubic-bezier(0.0, 0, 0.2, 1) 0ms;"
        >
          <div
            class="MuiSnackbarContent-message-9 Hook-message-1dq2bje"
          >
            <span
              id="client-snackbar"
            >
              tracking.message
              <a
                class="Hook-link-15a5j2r"
                href="/privacy/"
              >
                tracking.privacyLink
              </a>
            </span>
          </div>
          <div
            class="MuiSnackbarContent-action-10 Hook-action-17qmw59"
          >
            <a
              class="MuiButtonBase-root-85 MuiButton-root-68 MuiButton-text-70 Hook-buttonDecline-xcsokg"
              href="javascript:gaOptout();"
              role="button"
              tabindex="0"
            >
              <span
                class="MuiButton-label-69"
              >
                tracking.decline
              </span>
              <span
                class="MuiTouchRipple-root-88"
              />
            </a>
            <button
              class="MuiButtonBase-root-85 MuiButton-root-68 MuiButton-contained-76 MuiButton-containedSecondary-78 Hook-button-12rvs9h"
              tabindex="0"
              type="button"
            >
              <span
                class="MuiButton-label-69"
              >
                tracking.accept
              </span>
              <span
                class="MuiTouchRipple-root-88"
              />
            </button>
          </div>
        </div>
      </div>
    </div>
  </body>,
  "container": <div>
    <div
      class="MuiSnackbar-root-1 MuiSnackbar-anchorOriginBottomCenter-3 Hook-snackbar-1o19kbz"
    >
      <div
        aria-describedby="client-snackbar"
        class="MuiTypography-root-38 MuiTypography-body2-39 MuiPaper-root-11 MuiPaper-elevation6-19 MuiSnackbarContent-root-8 Hook-snackbarContent-1xoobo1"
        role="alertdialog"
        style="-webkit-transform: translate(0, 0); transform: translate(0, 0); -webkit-transition: -webkit-transform 225ms cubic-bezier(0.0, 0, 0.2, 1) 0ms;"
      >
        <div
          class="MuiSnackbarContent-message-9 Hook-message-1dq2bje"
        >
          <span
            id="client-snackbar"
          >
            tracking.message
            <a
              class="Hook-link-15a5j2r"
              href="/privacy/"
            >
              tracking.privacyLink
            </a>
          </span>
        </div>
        <div
          class="MuiSnackbarContent-action-10 Hook-action-17qmw59"
        >
          <a
            class="MuiButtonBase-root-85 MuiButton-root-68 MuiButton-text-70 Hook-buttonDecline-xcsokg"
            href="javascript:gaOptout();"
            role="button"
            tabindex="0"
          >
            <span
              class="MuiButton-label-69"
            >
              tracking.decline
            </span>
            <span
              class="MuiTouchRipple-root-88"
            />
          </a>
          <button
            class="MuiButtonBase-root-85 MuiButton-root-68 MuiButton-contained-76 MuiButton-containedSecondary-78 Hook-button-12rvs9h"
            tabindex="0"
            type="button"
          >
            <span
              class="MuiButton-label-69"
            >
              tracking.accept
            </span>
            <span
              class="MuiTouchRipple-root-88"
            />
          </button>
        </div>
      </div>
    </div>
  </div>,
  "debug": [Function],
  "getAllByAltText": [Function],
  "getAllByDisplayValue": [Function],
  "getAllByLabelText": [Function],
  "getAllByPlaceholderText": [Function],
  "getAllByRole": [Function],
  "getAllBySelectText": [Function],
  "getAllByTestId": [Function],
  "getAllByText": [Function],
  "getAllByTitle": [Function],
  "getAllByValue": [Function],
  "getByAltText": [Function],
  "getByDisplayValue": [Function],
  "getByLabelText": [Function],
  "getByPlaceholderText": [Function],
  "getByRole": [Function],
  "getBySelectText": [Function],
  "getByTestId": [Function],
  "getByText": [Function],
  "getByTitle": [Function],
  "getByValue": [Function],
  "queryAllByAltText": [Function],
  "queryAllByDisplayValue": [Function],
  "queryAllByLabelText": [Function],
  "queryAllByPlaceholderText": [Function],
  "queryAllByRole": [Function],
  "queryAllBySelectText": [Function],
  "queryAllByTestId": [Function],
  "queryAllByText": [Function],
  "queryAllByTitle": [Function],
  "queryAllByValue": [Function],
  "queryByAltText": [Function],
  "queryByDisplayValue": [Function],
  "queryByLabelText": [Function],
  "queryByPlaceholderText": [Function],
  "queryByRole": [Function],
  "queryBySelectText": [Function],
  "queryByTestId": [Function],
  "queryByText": [Function],
  "queryByTitle": [Function],
  "queryByValue": [Function],
  "rerender": [Function],
  "unmount": [Function],
}
`;
